BL51 BANKED LINKER/LOCATER V6.22                                                        02/24/2021  22:36:50  PAGE 1


BL51 BANKED LINKER/LOCATER V6.22, INVOKED BY:
C:\KEIL\C51\BIN\BL51.EXE STARTUP.obj, mcu_api.obj, protocol.obj, system.obj, LCD_init.obj, main.obj, myiic.obj, USART.ob
>> j, User_SHT30.obj TO temperature RAMSIZE (256)


MEMORY MODEL: COMPACT WITH FLOATING POINT ARITHMETIC


INPUT MODULES INCLUDED:
  STARTUP.obj (?C_STARTUP)
  mcu_api.obj (MCU_API)
  protocol.obj (PROTOCOL)
  system.obj (SYSTEM)
  LCD_init.obj (LCD_INIT)
  main.obj (MAIN)
  myiic.obj (MYIIC)
  USART.obj (USART)
  User_SHT30.obj (USER_SHT30)
  C:\KEIL\C51\LIB\C51FPC.LIB (?C?FPADD)
  C:\KEIL\C51\LIB\C51FPC.LIB (?C?FPMUL)
  C:\KEIL\C51\LIB\C51FPC.LIB (?C?FPDIV)
  C:\KEIL\C51\LIB\C51FPC.LIB (?C?FCAST)
  C:\KEIL\C51\LIB\C51FPC.LIB (?C?CASTF)
  C:\KEIL\C51\LIB\C51FPC.LIB (?C?FPGETOPN)
  C:\KEIL\C51\LIB\C51C.LIB (?C_INIT)
  C:\KEIL\C51\LIB\C51C.LIB (?C?COPY)
  C:\KEIL\C51\LIB\C51C.LIB (?C?CLDPTR)
  C:\KEIL\C51\LIB\C51C.LIB (?C?CLDOPTR)
  C:\KEIL\C51\LIB\C51C.LIB (?C?CSTPTR)
  C:\KEIL\C51\LIB\C51C.LIB (?C?CSTOPTR)
  C:\KEIL\C51\LIB\C51C.LIB (?C?LNEG)
  C:\KEIL\C51\LIB\C51C.LIB (?C?ULCMP)
  C:\KEIL\C51\LIB\C51C.LIB (?C?ULSHR)
  C:\KEIL\C51\LIB\C51C.LIB (?C?LSHL)
  C:\KEIL\C51\LIB\C51C.LIB (?C?LSTXDATA)
  C:\KEIL\C51\LIB\C51C.LIB (?C?LSTPDATA)
  C:\KEIL\C51\LIB\C51C.LIB (?C?LSTKPDATA)
  C:\KEIL\C51\LIB\C51C.LIB (?C?CCASE)


LINK MAP OF MODULE:  temperature (?C_STARTUP)


            TYPE    BASE      LENGTH    RELOCATION   SEGMENT NAME
            -----------------------------------------------------

            * * * * * * *   D A T A   M E M O R Y   * * * * * * *
            REG     0000H     0008H     ABSOLUTE     "REG BANK 0"
            IDATA   0008H     0010H     UNIT         ?ID?USART
            IDATA   0018H     0007H     UNIT         _IDATA_GROUP_
            IDATA   001FH     0004H     UNIT         ?ID?SYSTEM
            IDATA   0023H     0001H     UNIT         ?STACK

            * * * * * * *  X D A T A   M E M O R Y  * * * * * * *
            XDATA   0000H     0009H     INPAGE       ?PD?_MY_MEMSET?MCU_API
            XDATA   0009H     0009H     INPAGE       ?PD?_MY_STRCPY?MCU_API
            XDATA   0012H     0006H     INPAGE       ?PD?_MY_STRCMP?MCU_API
            XDATA   0018H     0004H     INPAGE       ?PD?_INT_TO_BYTE?MCU_API
BL51 BANKED LINKER/LOCATER V6.22                                                      02/24/2021  22:36:50  PAGE 2


            XDATA   001CH     0006H     INPAGE       ?PD?_MCU_DP_RAW_UPDATE?MCU_API
            XDATA   0022H     0006H     INPAGE       ?PD?_MCU_DP_STRING_UPDATE?MCU_API
            XDATA   0028H     0005H     INPAGE       ?PD?_MCU_DP_FAULT_UPDATE?MCU_API
            XDATA   002DH     0007H     INPAGE       ?PD?_UART_RECEIVE_BUFF_INPUT?MCU_API
            XDATA   0034H     0002H     INPAGE       ?PD?MCU_API
            XDATA   0036H     0003H     INPAGE       ?PD?SYSTEM
            XDATA   0039H     0002H     INPAGE       ?PD?MAIN
            XDATA   003BH     0004H     INPAGE       ?PD?_SHT_CRC?USER_SHT30
            XDATA   003FH     000CH     INPAGE       ?PD?SHT30_READ?USER_SHT30
            XDATA   004BH     0003H     INPAGE       ?PD?USER_SHT30
            XDATA   004EH     002CH     INPAGE       _PDATA_GROUP_
            XDATA   007AH     006DH     UNIT         ?XD?SYSTEM
            XDATA   00E7H     002CH     UNIT         ?XD?PROTOCOL
            XDATA   0113H     0004H     UNIT         _XDATA_GROUP_

            * * * * * * *   C O D E   M E M O R Y   * * * * * * *
            CODE    0000H     0003H     ABSOLUTE     
            CODE    0003H     0020H     UNIT         ?PR?_DELAY?LCD_INIT
            CODE    0023H     0003H     ABSOLUTE     
            CODE    0026H     06BAH     UNIT         ?CO?LCD_INIT
            CODE    06E0H     0569H     UNIT         ?C?LIB_CODE
            CODE    0C49H     01B5H     UNIT         ?PR?WIFI_UART_SERVICE?MCU_API
            CODE    0DFEH     018AH     UNIT         ?PR?_DP_DOWNLOAD_HANDLE?PROTOCOL
            CODE    0F88H     0146H     UNIT         ?PR?_MY_MEMCPY?MCU_API
            CODE    10CEH     013CH     UNIT         ?PR?_DATA_HANDLE?SYSTEM
            CODE    120AH     0129H     UNIT         ?PR?_BYTE_TO_INT?MCU_API
            CODE    1333H     0127H     UNIT         ?PR?SHT30_READ?USER_SHT30
            CODE    145AH     011AH     UNIT         ?PR?_MCU_DP_FAULT_UPDATE?MCU_API
            CODE    1574H     0115H     UNIT         ?PR?_DISPLAY_STRING_8X16?LCD_INIT
            CODE    1689H     0104H     UNIT         ?PR?PRODUCT_INFO_UPDATE?SYSTEM
            CODE    178DH     00CDH     UNIT         ?PR?INITIAL_LCD?LCD_INIT
            CODE    185AH     00A1H     UNIT         ?PR?_MCU_DP_VALUE_UPDATE?MCU_API
            CODE    18FBH     008CH     UNIT         ?C_C51STARTUP
            CODE    1987H     0088H     UNIT         ?PR?_MY_STRCPY?MCU_API
            CODE    1A0FH     0079H     UNIT         ?PR?_DATA_POINT_HANDLE?SYSTEM
            CODE    1A88H     0071H     UNIT         ?PR?_HEX_TO_BCD?MCU_API
            CODE    1AF9H     0070H     UNIT         ?PR?_MY_STRLEN?MCU_API
            CODE    1B69H     006FH     UNIT         ?PR?_MY_STRCMP?MCU_API
            CODE    1BD8H     0064H     UNIT         ?PR?_DISPLAY_DATA_8X20?LCD_INIT
            CODE    1C3CH     0062H     UNIT         ?PR?_SET_WIFI_UART_BUFFER?SYSTEM
            CODE    1C9EH     005CH     UNIT         ?PR?_WIFI_UART_WRITE_FRAME?SYSTEM
            CODE    1CFAH     005BH     UNIT         ?PR?_INT_TO_BYTE?MCU_API
            CODE    1D55H     0059H     UNIT         ?PR?_MY_MEMSET?MCU_API
            CODE    1DAEH     0058H     UNIT         ?PR?_TRANSFER_COMMAND?LCD_INIT
            CODE    1E06H     0057H     UNIT         ?PR?_UART_RECEIVE_INPUT?MCU_API
            CODE    1E5DH     0057H     UNIT         ?PR?_WIFI_UART_WRITE_DATA?SYSTEM
            CODE    1EB4H     0054H     UNIT         ?PR?_MCU_DP_RAW_UPDATE?MCU_API
            CODE    1F08H     0054H     UNIT         ?PR?_MCU_DP_STRING_UPDATE?MCU_API
            CODE    1F5CH     0051H     UNIT         ?C_INITSEG
            CODE    1FADH     004FH     UNIT         ?PR?_UART_RECEIVE_BUFF_INPUT?MCU_API
            CODE    1FFCH     004BH     UNIT         ?PR?SER?USART
            CODE    2047H     0045H     UNIT         ?PR?_GET_CHECK_SUM?SYSTEM
            CODE    208CH     0045H     UNIT         ?PR?_SHT_CRC?USER_SHT30
            CODE    20D1H     0043H     UNIT         ?PR?MAIN?MAIN
            CODE    2114H     0040H     UNIT         ?PR?_MCU_DP_BOOL_UPDATE?MCU_API
            CODE    2154H     003BH     UNIT         ?CO?SYSTEM
            CODE    218FH     003AH     UNIT         ?PR?_MCU_DP_ENUM_UPDATE?MCU_API
BL51 BANKED LINKER/LOCATER V6.22                                                      02/24/2021  22:36:50  PAGE 3


            CODE    21C9H     0032H     UNIT         ?PR?CLEAR_SCREEN?LCD_INIT
            CODE    21FBH     0031H     UNIT         ?PR?_TRANSFER_DATA?LCD_INIT
            CODE    222CH     002FH     UNIT         ?PR?_IIC_READ_BYTE?MYIIC
            CODE    225BH     002EH     UNIT         ?PR?_LCD_ADDRESS?LCD_INIT
            CODE    2289H     002DH     UNIT         ?PR?_GET_DOWMLOAD_DPID_INDEX?SYSTEM
            CODE    22B6H     002CH     UNIT         ?PR?_IIC_SEND_BYTE?MYIIC
            CODE    22E2H     002BH     UNIT         ?PR?_DP_DOWNLOAD_MAXTEMP_SET_HANDLE?PROTOCOL
            CODE    230DH     002AH     UNIT         ?PR?TAKE_BYTE_RXBUFF?SYSTEM
            CODE    2337H     0029H     UNIT         ?PR?_DP_DOWNLOAD_TEMP_SAMPLING_HANDLE?PROTOCOL
            CODE    2360H     0029H     UNIT         ?PR?_DP_DOWNLOAD_HUMIDITY_SAMPLING_HANDLE?PROTOCOL
            CODE    2389H     0029H     UNIT         ?PR?_DP_DOWNLOAD_MINITEMP_SET_HANDLE?PROTOCOL
            CODE    23B2H     0029H     UNIT         ?PR?_DP_DOWNLOAD_MAXHUM_SET_HANDLE?PROTOCOL
            CODE    23DBH     0029H     UNIT         ?PR?_DP_DOWNLOAD_MINIHUM_SET_HANDLE?PROTOCOL
            CODE    2404H     0029H     UNIT         ?PR?_DP_DOWNLOAD_BRIGHT_VALUE_HANDLE?PROTOCOL
            CODE    242DH     0029H     UNIT         ?PR?_DP_DOWNLOAD_TEMP_PERIODIC_REPORT_HANDLE?PROTOCOL
            CODE    2456H     0029H     UNIT         ?PR?_DP_DOWNLOAD_HUM_PERIODIC_REPORT_HANDLE?PROTOCOL
            CODE    247FH     0029H     UNIT         ?PR?_DP_DOWNLOAD_TEMP_SENSITIVITY_HANDLE?PROTOCOL
            CODE    24A8H     0029H     UNIT         ?PR?_DP_DOWNLOAD_HUM_SENSITIVITY_HANDLE?PROTOCOL
            CODE    24D1H     0029H     UNIT         ?PR?_DP_DOWNLOAD_TEMP_SET_HANDLE?PROTOCOL
            CODE    24FAH     0025H     UNIT         ?PR?HEAT_BEAT_CHECK?SYSTEM
            CODE    251FH     0023H     UNIT         ?PR?_SET_WIFI_UART_BYTE?SYSTEM
            CODE    2542H     0022H     UNIT         ?PR?USART_INIT?USART
            CODE    2564H     001FH     UNIT         ?PR?_DELAY_2?MAIN
            CODE    2583H     001EH     UNIT         ?PR?SHT_INIT?USER_SHT30
            CODE    25A1H     001DH     UNIT         ?PR?PORTINIT?MAIN
            CODE    25BEH     001DH     UNIT         ?PR?LED_CTR?MAIN
            CODE    25DBH     001BH     UNIT         ?PR?TY_DISPLAY?LCD_INIT
            CODE    25F6H     0016H     UNIT         ?PR?_MCU_SET_WIFI_MODE?MCU_API
            CODE    260CH     0014H     UNIT         ?PR?ALL_DATA_UPDATE?PROTOCOL
            CODE    2620H     0014H     UNIT         ?PR?_DP_DOWNLOAD_TEMP_UNIT_CONVERT_HANDLE?PROTOCOL
            CODE    2634H     0014H     UNIT         ?PR?_DP_DOWNLOAD_SWITCH_HANDLE?PROTOCOL
            CODE    2648H     0014H     UNIT         ?PR?IIC_START?MYIIC
            CODE    265CH     0013H     UNIT         ?PR?_DELAY_US?MYIIC
            CODE    266FH     0013H     UNIT         ?PR?IIC_STOP?MYIIC
            CODE    2682H     0012H     UNIT         ?PR?_DELAY1?LCD_INIT
            CODE    2694H     0011H     UNIT         ?PR?WIFI_PROTOCOL_INIT?MCU_API
            CODE    26A5H     000FH     UNIT         ?PR?WITH_DATA_RXBUFF?SYSTEM
            CODE    26B4H     000DH     UNIT         ?PR?MCU_RESET_WIFI?MCU_API
            CODE    26C1H     000CH     UNIT         ?PR?_MCU_GET_DP_DOWNLOAD_BOOL?MCU_API
            CODE    26CDH     000CH     UNIT         ?PR?_MCU_GET_DP_DOWNLOAD_ENUM?MCU_API
            CODE    26D9H     000CH     UNIT         ?PR?_SENDCHAR?USART
            CODE    26E5H     000BH     UNIT         ?PR?_MCU_GET_DP_DOWNLOAD_VALUE?MCU_API
            CODE    26F0H     000BH     UNIT         ?PR?IIC_ACK?MYIIC
            CODE    26FBH     000BH     UNIT         ?PR?IIC_NACK?MYIIC
            CODE    2706H     000AH     UNIT         ?PR?MCU_START_WIFITEST?MCU_API
            CODE    2710H     000AH     UNIT         ?PR?GET_MCU_WIFI_MODE?SYSTEM
            CODE    271AH     0008H     UNIT         ?PR?_WIFI_TEST_RESULT?PROTOCOL
            CODE    2722H     0006H     UNIT         ?PR?RECVDATA?USER_SHT30
            CODE    2728H     0005H     UNIT         ?PR?MCU_GET_RESET_WIFI_FLAG?MCU_API
            CODE    272DH     0005H     UNIT         ?PR?MCU_GET_WIFIMODE_FLAG?MCU_API
            CODE    2732H     0005H     UNIT         ?PR?MCU_GET_WIFI_WORK_STATE?MCU_API
            CODE    2737H     0003H     UNIT         ?PR?_UART_TRANSMIT_OUTPUT?PROTOCOL
            CODE    273AH     0003H     UNIT         ?PR?GET_DOWNLOAD_CMD_TOTAL?PROTOCOL
            CODE    273DH     0003H     UNIT         ?PR?START?USER_SHT30
            CODE    2740H     0003H     UNIT         ?PR?STOP?USER_SHT30
            CODE    2743H     0003H     UNIT         ?PR?_SENDDATA?USER_SHT30
            CODE    2746H     0003H     UNIT         ?PR?SENDACK?USER_SHT30
BL51 BANKED LINKER/LOCATER V6.22                                                      02/24/2021  22:36:50  PAGE 4


            CODE    2749H     0001H     UNIT         ?PR?IIC_INIT?MYIIC



OVERLAY MAP OF MODULE:   temperature (?C_STARTUP)


SEGMENT                                            IDATA_GROUP         PDATA_GROUP         XDATA_GROUP
  +--> CALLED SEGMENT                            START    LENGTH     START    LENGTH     START    LENGTH
--------------------------------------------------------------------------------------------------------
?C_C51STARTUP                                    -----    -----      -----    -----      -----    -----
  +--> ?PR?MAIN?MAIN
  +--> ?C_INITSEG

?PR?MAIN?MAIN                                    -----    -----      -----    -----      -----    -----
  +--> ?PR?_DELAY_2?MAIN
  +--> ?PR?PORTINIT?MAIN
  +--> ?PR?IIC_INIT?MYIIC
  +--> ?PR?INITIAL_LCD?LCD_INIT
  +--> ?PR?CLEAR_SCREEN?LCD_INIT
  +--> ?PR?SHT_INIT?USER_SHT30
  +--> ?PR?USART_INIT?USART
  +--> ?PR?WIFI_PROTOCOL_INIT?MCU_API
  +--> ?PR?WIFI_UART_SERVICE?MCU_API
  +--> ?PR?_MCU_DP_VALUE_UPDATE?MCU_API
  +--> ?PR?TY_DISPLAY?LCD_INIT
  +--> ?PR?LED_CTR?MAIN

?PR?INITIAL_LCD?LCD_INIT                         -----    -----      -----    -----      -----    -----
  +--> ?PR?_DELAY?LCD_INIT
  +--> ?PR?_TRANSFER_COMMAND?LCD_INIT

?PR?_TRANSFER_COMMAND?LCD_INIT                   -----    -----      005CH    0003H      -----    -----
  +--> ?PR?_DELAY1?LCD_INIT

?PR?CLEAR_SCREEN?LCD_INIT                        -----    -----      004EH    0002H      -----    -----
  +--> ?PR?_LCD_ADDRESS?LCD_INIT
  +--> ?PR?_TRANSFER_DATA?LCD_INIT

?PR?_LCD_ADDRESS?LCD_INIT                        -----    -----      005BH    0001H      -----    -----
  +--> ?PR?_TRANSFER_COMMAND?LCD_INIT

?PR?SHT_INIT?USER_SHT30                          -----    -----      -----    -----      -----    -----
  +--> ?PR?START?USER_SHT30
  +--> ?PR?_SENDDATA?USER_SHT30
  +--> ?PR?SENDACK?USER_SHT30
  +--> ?PR?STOP?USER_SHT30

?PR?START?USER_SHT30                             -----    -----      -----    -----      -----    -----
  +--> ?PR?IIC_START?MYIIC

?PR?IIC_START?MYIIC                              -----    -----      -----    -----      -----    -----
  +--> ?PR?_DELAY_US?MYIIC

?PR?_SENDDATA?USER_SHT30                         -----    -----      -----    -----      -----    -----
  +--> ?PR?_IIC_SEND_BYTE?MYIIC

BL51 BANKED LINKER/LOCATER V6.22                                                      02/24/2021  22:36:50  PAGE 5


?PR?_IIC_SEND_BYTE?MYIIC                         -----    -----      -----    -----      -----    -----
  +--> ?PR?_DELAY_US?MYIIC

?PR?SENDACK?USER_SHT30                           -----    -----      -----    -----      -----    -----
  +--> ?PR?IIC_ACK?MYIIC

?PR?IIC_ACK?MYIIC                                -----    -----      -----    -----      -----    -----
  +--> ?PR?_DELAY_US?MYIIC

?PR?STOP?USER_SHT30                              -----    -----      -----    -----      -----    -----
  +--> ?PR?IIC_STOP?MYIIC

?PR?IIC_STOP?MYIIC                               -----    -----      -----    -----      -----    -----
  +--> ?PR?_DELAY_US?MYIIC

?PR?WIFI_UART_SERVICE?MCU_API                    -----    -----      004EH    0004H      -----    -----
  +--> ?PR?WITH_DATA_RXBUFF?SYSTEM
  +--> ?PR?TAKE_BYTE_RXBUFF?SYSTEM
  +--> ?PR?_GET_CHECK_SUM?SYSTEM
  +--> ?PR?_DATA_HANDLE?SYSTEM
  +--> ?PR?_MY_MEMCPY?MCU_API

?PR?TAKE_BYTE_RXBUFF?SYSTEM                      0018H    0001H      -----    -----      -----    -----

?PR?_GET_CHECK_SUM?SYSTEM                        -----    -----      0070H    0006H      -----    -----

?PR?_DATA_HANDLE?SYSTEM                          0018H    0006H      0052H    0005H      -----    -----
  +--> ?PR?HEAT_BEAT_CHECK?SYSTEM
  +--> ?PR?PRODUCT_INFO_UPDATE?SYSTEM
  +--> ?PR?GET_MCU_WIFI_MODE?SYSTEM
  +--> ?PR?_WIFI_UART_WRITE_FRAME?SYSTEM
  +--> ?PR?_DATA_POINT_HANDLE?SYSTEM
  +--> ?PR?ALL_DATA_UPDATE?PROTOCOL
  +--> ?PR?_WIFI_TEST_RESULT?PROTOCOL

?PR?HEAT_BEAT_CHECK?SYSTEM                       -----    -----      -----    -----      -----    -----
  +--> ?PR?_SET_WIFI_UART_BYTE?SYSTEM
  +--> ?PR?_WIFI_UART_WRITE_FRAME?SYSTEM

?PR?_SET_WIFI_UART_BYTE?SYSTEM                   -----    -----      006EH    0002H      -----    -----

?PR?_WIFI_UART_WRITE_FRAME?SYSTEM                -----    -----      006EH    0002H      -----    -----
  +--> ?PR?_GET_CHECK_SUM?SYSTEM
  +--> ?PR?_WIFI_UART_WRITE_DATA?SYSTEM

?PR?_WIFI_UART_WRITE_DATA?SYSTEM                 -----    -----      0070H    0005H      -----    -----
  +--> ?PR?_UART_TRANSMIT_OUTPUT?PROTOCOL

?PR?_UART_TRANSMIT_OUTPUT?PROTOCOL               -----    -----      -----    -----      -----    -----
  +--> ?PR?_SENDCHAR?USART

?PR?PRODUCT_INFO_UPDATE?SYSTEM                   -----    -----      0057H    000BH      -----    -----
  +--> ?CO?SYSTEM
  +--> ?PR?_MY_STRLEN?MCU_API
  +--> ?PR?_SET_WIFI_UART_BUFFER?SYSTEM
  +--> ?PR?_WIFI_UART_WRITE_FRAME?SYSTEM

BL51 BANKED LINKER/LOCATER V6.22                                                      02/24/2021  22:36:50  PAGE 6


?PR?_MY_STRLEN?MCU_API                           -----    -----      0062H    0007H      -----    -----

?PR?_SET_WIFI_UART_BUFFER?SYSTEM                 -----    -----      0062H    0007H      -----    -----
  +--> ?PR?_MY_MEMCPY?MCU_API

?PR?_MY_MEMCPY?MCU_API                           -----    -----      0069H    0010H      -----    -----

?PR?GET_MCU_WIFI_MODE?SYSTEM                     -----    -----      -----    -----      -----    -----
  +--> ?PR?_WIFI_UART_WRITE_FRAME?SYSTEM

?PR?_DATA_POINT_HANDLE?SYSTEM                    -----    -----      0057H    0007H      -----    -----
  +--> ?PR?_GET_DOWMLOAD_DPID_INDEX?SYSTEM
  +--> ?PR?_DP_DOWNLOAD_HANDLE?PROTOCOL

?PR?_GET_DOWMLOAD_DPID_INDEX?SYSTEM              -----    -----      005EH    0001H      -----    -----
  +--> ?PR?GET_DOWNLOAD_CMD_TOTAL?PROTOCOL

?PR?_DP_DOWNLOAD_HANDLE?PROTOCOL                 -----    -----      005EH    0007H      -----    -----
  +--> ?PR?_DP_DOWNLOAD_TEMP_SAMPLING_HANDLE...
  +--> ?PR?_DP_DOWNLOAD_HUMIDITY_SAMPLING_HA...
  +--> ?PR?_DP_DOWNLOAD_TEMP_UNIT_CONVERT_HA...
  +--> ?PR?_DP_DOWNLOAD_MAXTEMP_SET_HANDLE?P...
  +--> ?PR?_DP_DOWNLOAD_MINITEMP_SET_HANDLE?...
  +--> ?PR?_DP_DOWNLOAD_MAXHUM_SET_HANDLE?PR...
  +--> ?PR?_DP_DOWNLOAD_MINIHUM_SET_HANDLE?P...
  +--> ?PR?_DP_DOWNLOAD_BRIGHT_VALUE_HANDLE?...
  +--> ?PR?_DP_DOWNLOAD_TEMP_PERIODIC_REPORT...
  +--> ?PR?_DP_DOWNLOAD_HUM_PERIODIC_REPORT_...
  +--> ?PR?_DP_DOWNLOAD_TEMP_SENSITIVITY_HAN...
  +--> ?PR?_DP_DOWNLOAD_HUM_SENSITIVITY_HAND...
  +--> ?PR?_DP_DOWNLOAD_SWITCH_HANDLE?PROTOCOL
  +--> ?PR?_DP_DOWNLOAD_TEMP_SET_HANDLE?PROT...

?PR?_DP_DOWNLOAD_TEMP_SAMPLING_HANDLE...         -----    -----      0065H    0004H      -----    -----
  +--> ?PR?_MCU_GET_DP_DOWNLOAD_VALUE?MCU_API
  +--> ?PR?_MCU_DP_VALUE_UPDATE?MCU_API

?PR?_MCU_GET_DP_DOWNLOAD_VALUE?MCU_API           -----    -----      0069H    0002H      -----    -----
  +--> ?PR?_BYTE_TO_INT?MCU_API

?PR?_BYTE_TO_INT?MCU_API                         -----    -----      006BH    0007H      -----    -----

?PR?_MCU_DP_VALUE_UPDATE?MCU_API                 -----    -----      0069H    0005H      -----    -----
  +--> ?PR?_SET_WIFI_UART_BYTE?SYSTEM
  +--> ?PR?_WIFI_UART_WRITE_FRAME?SYSTEM

?PR?_DP_DOWNLOAD_HUMIDITY_SAMPLING_HA...         -----    -----      0065H    0004H      -----    -----
  +--> ?PR?_MCU_GET_DP_DOWNLOAD_VALUE?MCU_API
  +--> ?PR?_MCU_DP_VALUE_UPDATE?MCU_API

?PR?_DP_DOWNLOAD_TEMP_UNIT_CONVERT_HA...         -----    -----      -----    -----      -----    -----
  +--> ?PR?_MCU_GET_DP_DOWNLOAD_ENUM?MCU_API
  +--> ?PR?_MCU_DP_ENUM_UPDATE?MCU_API

?PR?_MCU_GET_DP_DOWNLOAD_ENUM?MCU_API            -----    -----      0065H    0002H      -----    -----

?PR?_MCU_DP_ENUM_UPDATE?MCU_API                  -----    -----      0065H    0001H      -----    -----
BL51 BANKED LINKER/LOCATER V6.22                                                      02/24/2021  22:36:50  PAGE 7


  +--> ?PR?_SET_WIFI_UART_BYTE?SYSTEM
  +--> ?PR?_WIFI_UART_WRITE_FRAME?SYSTEM

?PR?_DP_DOWNLOAD_MAXTEMP_SET_HANDLE?P...         -----    -----      -----    -----      0113H    0004H
  +--> ?PR?_MCU_GET_DP_DOWNLOAD_VALUE?MCU_API
  +--> ?PR?_MCU_DP_VALUE_UPDATE?MCU_API

?PR?_DP_DOWNLOAD_MINITEMP_SET_HANDLE?...         -----    -----      0065H    0004H      -----    -----
  +--> ?PR?_MCU_GET_DP_DOWNLOAD_VALUE?MCU_API
  +--> ?PR?_MCU_DP_VALUE_UPDATE?MCU_API

?PR?_DP_DOWNLOAD_MAXHUM_SET_HANDLE?PR...         -----    -----      0065H    0004H      -----    -----
  +--> ?PR?_MCU_GET_DP_DOWNLOAD_VALUE?MCU_API
  +--> ?PR?_MCU_DP_VALUE_UPDATE?MCU_API

?PR?_DP_DOWNLOAD_MINIHUM_SET_HANDLE?P...         -----    -----      0065H    0004H      -----    -----
  +--> ?PR?_MCU_GET_DP_DOWNLOAD_VALUE?MCU_API
  +--> ?PR?_MCU_DP_VALUE_UPDATE?MCU_API

?PR?_DP_DOWNLOAD_BRIGHT_VALUE_HANDLE?...         -----    -----      0065H    0004H      -----    -----
  +--> ?PR?_MCU_GET_DP_DOWNLOAD_VALUE?MCU_API
  +--> ?PR?_MCU_DP_VALUE_UPDATE?MCU_API

?PR?_DP_DOWNLOAD_TEMP_PERIODIC_REPORT...         -----    -----      0065H    0004H      -----    -----
  +--> ?PR?_MCU_GET_DP_DOWNLOAD_VALUE?MCU_API
  +--> ?PR?_MCU_DP_VALUE_UPDATE?MCU_API

?PR?_DP_DOWNLOAD_HUM_PERIODIC_REPORT_...         -----    -----      0065H    0004H      -----    -----
  +--> ?PR?_MCU_GET_DP_DOWNLOAD_VALUE?MCU_API
  +--> ?PR?_MCU_DP_VALUE_UPDATE?MCU_API

?PR?_DP_DOWNLOAD_TEMP_SENSITIVITY_HAN...         -----    -----      0065H    0004H      -----    -----
  +--> ?PR?_MCU_GET_DP_DOWNLOAD_VALUE?MCU_API
  +--> ?PR?_MCU_DP_VALUE_UPDATE?MCU_API

?PR?_DP_DOWNLOAD_HUM_SENSITIVITY_HAND...         -----    -----      0065H    0004H      -----    -----
  +--> ?PR?_MCU_GET_DP_DOWNLOAD_VALUE?MCU_API
  +--> ?PR?_MCU_DP_VALUE_UPDATE?MCU_API

?PR?_DP_DOWNLOAD_SWITCH_HANDLE?PROTOCOL          -----    -----      -----    -----      -----    -----
  +--> ?PR?_MCU_GET_DP_DOWNLOAD_BOOL?MCU_API
  +--> ?PR?_MCU_DP_BOOL_UPDATE?MCU_API

?PR?_MCU_GET_DP_DOWNLOAD_BOOL?MCU_API            -----    -----      0065H    0002H      -----    -----

?PR?_MCU_DP_BOOL_UPDATE?MCU_API                  -----    -----      0065H    0001H      -----    -----
  +--> ?PR?_SET_WIFI_UART_BYTE?SYSTEM
  +--> ?PR?_WIFI_UART_WRITE_FRAME?SYSTEM

?PR?_DP_DOWNLOAD_TEMP_SET_HANDLE?PROT...         -----    -----      0065H    0004H      -----    -----
  +--> ?PR?_MCU_GET_DP_DOWNLOAD_VALUE?MCU_API
  +--> ?PR?_MCU_DP_VALUE_UPDATE?MCU_API

?PR?ALL_DATA_UPDATE?PROTOCOL                     -----    -----      -----    -----      -----    -----
  +--> ?PR?_MCU_DP_VALUE_UPDATE?MCU_API

?PR?_WIFI_TEST_RESULT?PROTOCOL                   -----    -----      0057H    0002H      -----    -----
BL51 BANKED LINKER/LOCATER V6.22                                                      02/24/2021  22:36:50  PAGE 8



?PR?TY_DISPLAY?LCD_INIT                          -----    -----      -----    -----      -----    -----
  +--> ?CO?LCD_INIT
  +--> ?PR?_DISPLAY_STRING_8X16?LCD_INIT
  +--> ?PR?_DISPLAY_DATA_8X20?LCD_INIT

?PR?_DISPLAY_STRING_8X16?LCD_INIT                -----    -----      004EH    000DH      -----    -----
  +--> ?PR?_LCD_ADDRESS?LCD_INIT
  +--> ?CO?LCD_INIT
  +--> ?PR?_TRANSFER_DATA?LCD_INIT

?PR?_DISPLAY_DATA_8X20?LCD_INIT                  -----    -----      004EH    0004H      -----    -----
  +--> ?PR?_LCD_ADDRESS?LCD_INIT
  +--> ?CO?LCD_INIT
  +--> ?PR?_TRANSFER_DATA?LCD_INIT

*** NEW ROOT ***************************************************

?PR?SER?USART                                    001EH    0001H      -----    -----      -----    -----
  +--> ?PR?_UART_RECEIVE_INPUT?MCU_API

?PR?_UART_RECEIVE_INPUT?MCU_API                  -----    -----      0079H    0001H      -----    -----



UNRESOLVED EXTERNAL SYMBOLS:
   CURRENT_TEMP



SYMBOL TABLE OF MODULE:  temperature (?C_STARTUP)

  VALUE           TYPE          NAME
  ----------------------------------

  -------         MODULE        ?C_STARTUP
  C:18FBH         SEGMENT       ?C_C51STARTUP
  I:0023H         SEGMENT       ?STACK
  C:0000H         PUBLIC        ?C_STARTUP
  D:00E0H         SYMBOL        ACC
  D:00F0H         SYMBOL        B
  D:0083H         SYMBOL        DPH
  D:0082H         SYMBOL        DPL
  N:0000H         SYMBOL        IBPSTACK
  N:0100H         SYMBOL        IBPSTACKTOP
  N:0080H         SYMBOL        IDATALEN
  C:18FEH         SYMBOL        IDATALOOP
  N:0000H         SYMBOL        PBPSTACK
  N:0100H         SYMBOL        PBPSTACKTOP
  N:0000H         SYMBOL        PDATALEN
  N:0000H         SYMBOL        PDATASTART
  N:0000H         SYMBOL        PPAGE
  N:0000H         SYMBOL        PPAGEENABLE
  D:00A0H         SYMBOL        PPAGE_SFR
  D:0081H         SYMBOL        SP
  C:18FBH         SYMBOL        STARTUP1
  N:0000H         SYMBOL        XBPSTACK
BL51 BANKED LINKER/LOCATER V6.22                                                      02/24/2021  22:36:50  PAGE 9


  N:0000H         SYMBOL        XBPSTACKTOP
  N:0000H         SYMBOL        XDATALEN
  N:0000H         SYMBOL        XDATASTART
  C:0000H         LINE#         126
  C:18FBH         LINE#         133
  C:18FDH         LINE#         134
  C:18FEH         LINE#         135
  C:18FFH         LINE#         136
  C:1901H         LINE#         185
  C:1904H         LINE#         196
  -------         ENDMOD        ?C_STARTUP

  -------         MODULE        MCU_API
  C:0000H         SYMBOL        _ICE_DUMMY_
  C:2728H         PUBLIC        mcu_get_reset_wifi_flag
  C:25F6H         PUBLIC        _mcu_set_wifi_mode
  C:1EB4H         PUBLIC        _mcu_dp_raw_update
  C:1A88H         PUBLIC        _hex_to_bcd
  C:1E06H         PUBLIC        _uart_receive_input
  C:272DH         PUBLIC        mcu_get_wifimode_flag
  C:2694H         PUBLIC        wifi_protocol_init
  C:1FADH         PUBLIC        _uart_receive_buff_input
  C:2732H         PUBLIC        mcu_get_wifi_work_state
  C:0C49H         PUBLIC        wifi_uart_service
  C:120AH         PUBLIC        _byte_to_int
  C:1CFAH         PUBLIC        _int_to_byte
  C:2706H         PUBLIC        mcu_start_wifitest
  C:0F88H         PUBLIC        _my_memcpy
  C:1D55H         PUBLIC        _my_memset
  C:26E5H         PUBLIC        _mcu_get_dp_download_value
  C:26B4H         PUBLIC        mcu_reset_wifi
  C:1F08H         PUBLIC        _mcu_dp_string_update
  C:145AH         PUBLIC        _mcu_dp_fault_update
  C:1AF9H         PUBLIC        _my_strlen
  C:185AH         PUBLIC        _mcu_dp_value_update
  C:1B69H         PUBLIC        _my_strcmp
  C:26C1H         PUBLIC        _mcu_get_dp_download_bool
  C:1987H         PUBLIC        _my_strcpy
  C:2114H         PUBLIC        _mcu_dp_bool_update
  C:26CDH         PUBLIC        _mcu_get_dp_download_enum
  C:218FH         PUBLIC        _mcu_dp_enum_update
  -------         PROC          _HEX_TO_BCD
  D:0007H         SYMBOL        Value_H
  D:0005H         SYMBOL        Value_L
  -------         DO            
  D:0007H         SYMBOL        bcd_value
  -------         ENDDO         
  C:1A88H         LINE#         30
  C:1A88H         LINE#         31
  C:1A88H         LINE#         34
  C:1A94H         LINE#         35
  C:1A9AH         LINE#         36
  C:1AA6H         LINE#         37
  C:1AACH         LINE#         38
  C:1AB8H         LINE#         39
  C:1ABCH         LINE#         41
  C:1ABFH         LINE#         43
BL51 BANKED LINKER/LOCATER V6.22                                                      02/24/2021  22:36:50  PAGE 10


  C:1AC3H         LINE#         44
  C:1ACFH         LINE#         45
  C:1AD5H         LINE#         46
  C:1AE1H         LINE#         47
  C:1AE3H         LINE#         48
  C:1AEFH         LINE#         49
  C:1AF3H         LINE#         51
  C:1AF8H         LINE#         53
  C:1AF8H         LINE#         54
  -------         ENDPROC       _HEX_TO_BCD
  -------         PROC          _MY_STRLEN
  X:0062H         SYMBOL        str
  -------         DO            
  X:0065H         SYMBOL        len
  -------         ENDDO         
  C:1AF9H         LINE#         61
  C:1B03H         LINE#         62
  C:1B03H         LINE#         63
  C:1B0BH         LINE#         64
  C:1B18H         LINE#         65
  C:1B1DH         LINE#         66
  C:1B1DH         LINE#         68
  C:1B3CH         LINE#         69
  C:1B59H         LINE#         70
  C:1B5BH         LINE#         72
  C:1B68H         LINE#         73
  -------         ENDPROC       _MY_STRLEN
  -------         PROC          _MY_MEMSET
  X:0000H         SYMBOL        src
  D:0005H         SYMBOL        ch
  X:0004H         SYMBOL        count
  -------         DO            
  X:0006H         SYMBOL        tmp
  -------         ENDDO         
  C:1D55H         LINE#         82
  C:1D5FH         LINE#         83
  C:1D5FH         LINE#         84
  C:1D69H         LINE#         86
  C:1D76H         LINE#         87
  C:1D7AH         LINE#         88
  C:1D7AH         LINE#         90
  C:1D8CH         LINE#         91
  C:1DA1H         LINE#         92
  C:1DA3H         LINE#         94
  C:1DADH         LINE#         95
  -------         ENDPROC       _MY_MEMSET
  -------         PROC          _MY_MEMCPY
  X:0069H         SYMBOL        dest
  X:006CH         SYMBOL        src
  X:006FH         SYMBOL        count
  -------         DO            
  X:0071H         SYMBOL        pdest
  X:0074H         SYMBOL        psrc
  X:0077H         SYMBOL        i
  -------         ENDDO         
  C:0F88H         LINE#         104
  C:0F92H         LINE#         105
BL51 BANKED LINKER/LOCATER V6.22                                                      02/24/2021  22:36:50  PAGE 11


  C:0F92H         LINE#         106
  C:0F9CH         LINE#         107
  C:0FAFH         LINE#         110
  C:0FC8H         LINE#         111
  C:0FCFH         LINE#         112
  C:0FCFH         LINE#         114
  C:1020H         LINE#         115
  C:103DH         LINE#         116
  C:1061H         LINE#         117
  C:106EH         LINE#         118
  C:106EH         LINE#         119
  C:108AH         LINE#         120
  C:10B6H         LINE#         121
  C:10C3H         LINE#         122
  C:10C3H         LINE#         124
  C:10CDH         LINE#         125
  -------         ENDPROC       _MY_MEMCPY
  -------         PROC          _MY_STRCPY
  X:0009H         SYMBOL        dest
  X:000CH         SYMBOL        src
  -------         DO            
  X:000FH         SYMBOL        p
  -------         ENDDO         
  C:1987H         LINE#         133
  C:1991H         LINE#         134
  C:1991H         LINE#         135
  C:199BH         LINE#         136
  C:19B4H         LINE#         137
  C:19BBH         LINE#         138
  C:19BBH         LINE#         141
  C:19CAH         LINE#         142
  C:19F4H         LINE#         143
  C:19F6H         LINE#         144
  C:1A04H         LINE#         145
  C:1A0EH         LINE#         146
  -------         ENDPROC       _MY_STRCPY
  -------         PROC          _MY_STRCMP
  X:0012H         SYMBOL        s1
  X:0015H         SYMBOL        s2
  C:1B69H         LINE#         157
  C:1B73H         LINE#         158
  C:1B73H         LINE#         159
  C:1B94H         LINE#         160
  C:1B9FH         LINE#         161
  C:1BAAH         LINE#         162
  C:1BACH         LINE#         163
  C:1BD7H         LINE#         164
  -------         ENDPROC       _MY_STRCMP
  -------         PROC          _INT_TO_BYTE
  X:0018H         SYMBOL        number
  D:0001H         SYMBOL        value
  C:1CFAH         LINE#         172
  C:1CFFH         LINE#         173
  C:1CFFH         LINE#         174
  C:1D15H         LINE#         175
  C:1D2EH         LINE#         176
  C:1D47H         LINE#         177
BL51 BANKED LINKER/LOCATER V6.22                                                      02/24/2021  22:36:50  PAGE 12


  -------         ENDPROC       _INT_TO_BYTE
  -------         PROC          _BYTE_TO_INT
  X:006BH         SYMBOL        value
  -------         DO            
  X:006EH         SYMBOL        nubmer
  -------         ENDDO         
  C:120AH         LINE#         185
  C:1214H         LINE#         186
  C:1214H         LINE#         187
  C:121CH         LINE#         189
  C:1229H         LINE#         190
  C:1240H         LINE#         191
  C:127DH         LINE#         192
  C:1294H         LINE#         193
  C:12D1H         LINE#         194
  C:12E8H         LINE#         195
  C:1325H         LINE#         197
  C:1332H         LINE#         198
  -------         ENDPROC       _BYTE_TO_INT
  -------         PROC          _MCU_DP_RAW_UPDATE
  D:0005H         SYMBOL        dpid
  X:001DH         SYMBOL        value
  X:0020H         SYMBOL        len
  -------         DO            
  D:0006H         SYMBOL        send_len
  -------         ENDDO         
  C:1EB4H         LINE#         208
  C:1EC0H         LINE#         209
  C:1EC0H         LINE#         210
  C:1EC3H         LINE#         212
  C:1EC9H         LINE#         213
  C:1ECBH         LINE#         215
  C:1ECEH         LINE#         216
  C:1ED3H         LINE#         218
  C:1EDAH         LINE#         219
  C:1EE1H         LINE#         221
  C:1EFAH         LINE#         223
  C:1F05H         LINE#         225
  C:1F07H         LINE#         226
  -------         ENDPROC       _MCU_DP_RAW_UPDATE
  -------         PROC          _MCU_DP_BOOL_UPDATE
  D:0004H         SYMBOL        dpid
  X:0065H         SYMBOL        value
  -------         DO            
  D:0006H         SYMBOL        send_len
  -------         ENDDO         
  C:2114H         LINE#         235
  C:211AH         LINE#         236
  C:211AH         LINE#         237
  C:211DH         LINE#         239
  C:2123H         LINE#         240
  C:2125H         LINE#         242
  C:212AH         LINE#         243
  C:212FH         LINE#         245
  C:2134H         LINE#         246
  C:2139H         LINE#         248
  C:213EH         LINE#         249
BL51 BANKED LINKER/LOCATER V6.22                                                      02/24/2021  22:36:50  PAGE 13


  C:213FH         LINE#         250
  C:2141H         LINE#         251
  C:2146H         LINE#         252
  C:2146H         LINE#         254
  C:2151H         LINE#         256
  C:2153H         LINE#         257
  -------         ENDPROC       _MCU_DP_BOOL_UPDATE
  -------         PROC          _MCU_DP_VALUE_UPDATE
  D:0005H         SYMBOL        dpid
  X:006AH         SYMBOL        value
  -------         DO            
  D:0006H         SYMBOL        send_len
  -------         ENDDO         
  C:185AH         LINE#         266
  C:185CH         LINE#         267
  C:185CH         LINE#         268
  C:185FH         LINE#         270
  C:1865H         LINE#         271
  C:1867H         LINE#         273
  C:186AH         LINE#         274
  C:186FH         LINE#         276
  C:1874H         LINE#         277
  C:1879H         LINE#         279
  C:1898H         LINE#         280
  C:18B7H         LINE#         281
  C:18D6H         LINE#         282
  C:18EDH         LINE#         284
  C:18F8H         LINE#         286
  C:18FAH         LINE#         287
  -------         ENDPROC       _MCU_DP_VALUE_UPDATE
  -------         PROC          _MCU_DP_STRING_UPDATE
  D:0005H         SYMBOL        dpid
  X:0023H         SYMBOL        value
  X:0026H         SYMBOL        len
  -------         DO            
  D:0006H         SYMBOL        send_len
  -------         ENDDO         
  C:1F08H         LINE#         297
  C:1F14H         LINE#         298
  C:1F14H         LINE#         299
  C:1F17H         LINE#         301
  C:1F1DH         LINE#         302
  C:1F1FH         LINE#         304
  C:1F22H         LINE#         305
  C:1F27H         LINE#         307
  C:1F2EH         LINE#         308
  C:1F35H         LINE#         310
  C:1F4EH         LINE#         312
  C:1F59H         LINE#         314
  C:1F5BH         LINE#         315
  -------         ENDPROC       _MCU_DP_STRING_UPDATE
  -------         PROC          _MCU_DP_ENUM_UPDATE
  D:0004H         SYMBOL        dpid
  X:0065H         SYMBOL        value
  -------         DO            
  D:0006H         SYMBOL        send_len
  -------         ENDDO         
BL51 BANKED LINKER/LOCATER V6.22                                                      02/24/2021  22:36:50  PAGE 14


  C:218FH         LINE#         324
  C:2195H         LINE#         325
  C:2195H         LINE#         326
  C:2198H         LINE#         328
  C:219EH         LINE#         329
  C:21A0H         LINE#         331
  C:21A5H         LINE#         332
  C:21AAH         LINE#         334
  C:21AFH         LINE#         335
  C:21B4H         LINE#         337
  C:21BBH         LINE#         339
  C:21C6H         LINE#         341
  C:21C8H         LINE#         342
  -------         ENDPROC       _MCU_DP_ENUM_UPDATE
  -------         PROC          _MCU_DP_FAULT_UPDATE
  D:0005H         SYMBOL        dpid
  X:0029H         SYMBOL        value
  -------         DO            
  D:0082H         SYMBOL        send_len
  -------         ENDDO         
  C:145AH         LINE#         351
  C:145CH         LINE#         352
  C:145CH         LINE#         353
  C:145FH         LINE#         355
  C:1465H         LINE#         356
  C:1468H         LINE#         358
  C:1473H         LINE#         359
  C:147CH         LINE#         361
  C:1485H         LINE#         363
  C:149EH         LINE#         364
  C:14ABH         LINE#         365
  C:14B2H         LINE#         366
  C:14D1H         LINE#         367
  C:14D3H         LINE#         368
  C:14D3H         LINE#         369
  C:14D3H         LINE#         370
  C:14D5H         LINE#         371
  C:14DEH         LINE#         372
  C:1501H         LINE#         373
  C:1524H         LINE#         374
  C:1547H         LINE#         375
  C:1562H         LINE#         376
  C:1562H         LINE#         378
  C:1571H         LINE#         380
  C:1573H         LINE#         381
  -------         ENDPROC       _MCU_DP_FAULT_UPDATE
  -------         PROC          _MCU_GET_DP_DOWNLOAD_BOOL
  D:0001H         SYMBOL        value
  X:0065H         SYMBOL        len
  C:26C1H         LINE#         575
  C:26C8H         LINE#         576
  C:26C8H         LINE#         577
  C:26CCH         LINE#         578
  -------         ENDPROC       _MCU_GET_DP_DOWNLOAD_BOOL
  -------         PROC          _MCU_GET_DP_DOWNLOAD_ENUM
  D:0001H         SYMBOL        value
  X:0065H         SYMBOL        len
BL51 BANKED LINKER/LOCATER V6.22                                                      02/24/2021  22:36:50  PAGE 15


  C:26CDH         LINE#         587
  C:26D4H         LINE#         588
  C:26D4H         LINE#         589
  C:26D8H         LINE#         590
  -------         ENDPROC       _MCU_GET_DP_DOWNLOAD_ENUM
  -------         PROC          _MCU_GET_DP_DOWNLOAD_VALUE
  D:0001H         SYMBOL        value
  X:0069H         SYMBOL        len
  C:26E5H         LINE#         599
  C:26ECH         LINE#         600
  C:26ECH         LINE#         601
  C:26EFH         LINE#         602
  -------         ENDPROC       _MCU_GET_DP_DOWNLOAD_VALUE
  -------         PROC          _UART_RECEIVE_INPUT
  X:0079H         SYMBOL        value
  C:1E06H         LINE#         610
  C:1E0AH         LINE#         611
  C:1E0AH         LINE#         614
  C:1E20H         LINE#         616
  C:1E3DH         LINE#         618
  C:1E3DH         LINE#         620
  C:1E4BH         LINE#         621
  C:1E4EH         LINE#         622
  C:1E4EH         LINE#         624
  C:1E5CH         LINE#         625
  C:1E5CH         LINE#         626
  -------         ENDPROC       _UART_RECEIVE_INPUT
  -------         PROC          _UART_RECEIVE_BUFF_INPUT
  X:002DH         SYMBOL        value
  X:0030H         SYMBOL        data_len
  -------         DO            
  X:0032H         SYMBOL        i
  -------         ENDDO         
  C:1FADH         LINE#         635
  C:1FBDH         LINE#         636
  C:1FBDH         LINE#         639
  C:1FC2H         LINE#         640
  C:1FD9H         LINE#         641
  C:1FEEH         LINE#         642
  C:1FFBH         LINE#         643
  -------         ENDPROC       _UART_RECEIVE_BUFF_INPUT
  -------         PROC          WIFI_UART_SERVICE
  -------         DO            
  X:0034H         SYMBOL        rx_in
  X:004EH         SYMBOL        offset
  X:0050H         SYMBOL        rx_value_len
  -------         ENDDO         
  C:0C49H         LINE#         651
  C:0C49H         LINE#         652
  C:0C49H         LINE#         655
  C:0C4FH         LINE#         656
  C:0C53H         LINE#         658
  C:0C68H         LINE#         659
  C:0C85H         LINE#         660
  C:0C87H         LINE#         662
  C:0C96H         LINE#         665
  C:0CB3H         LINE#         666
BL51 BANKED LINKER/LOCATER V6.22                                                      02/24/2021  22:36:50  PAGE 16


  C:0CC2H         LINE#         667
  C:0CC4H         LINE#         668
  C:0CC6H         LINE#         669
  C:0CC6H         LINE#         671
  C:0CDBH         LINE#         672
  C:0CDEH         LINE#         673
  C:0CE1H         LINE#         674
  C:0CE1H         LINE#         676
  C:0CEEH         LINE#         677
  C:0CF3H         LINE#         678
  C:0CF6H         LINE#         679
  C:0CF6H         LINE#         681
  C:0D0FH         LINE#         682
  C:0D29H         LINE#         683
  C:0D36H         LINE#         684
  C:0D3BH         LINE#         685
  C:0D3DH         LINE#         686
  C:0D3DH         LINE#         688
  C:0D55H         LINE#         689
  C:0D55H         LINE#         690
  C:0D55H         LINE#         693
  C:0D95H         LINE#         696
  C:0D9EH         LINE#         697
  C:0DA1H         LINE#         698
  C:0DA1H         LINE#         700
  C:0DA4H         LINE#         701
  C:0DB4H         LINE#         702
  C:0DB7H         LINE#         704
  C:0DCCH         LINE#         705
  C:0DD4H         LINE#         706
  C:0DFDH         LINE#         707
  C:0DFDH         LINE#         708
  -------         ENDPROC       WIFI_UART_SERVICE
  -------         PROC          WIFI_PROTOCOL_INIT
  C:2694H         LINE#         716
  C:2694H         LINE#         717
  C:2694H         LINE#         719
  C:2699H         LINE#         720
  C:269CH         LINE#         722
  C:26A0H         LINE#         725
  C:26A4H         LINE#         727
  -------         ENDPROC       WIFI_PROTOCOL_INIT
  -------         PROC          MCU_GET_RESET_WIFI_FLAG
  C:2728H         LINE#         741
  C:2728H         LINE#         742
  C:2728H         LINE#         743
  C:272CH         LINE#         744
  -------         ENDPROC       MCU_GET_RESET_WIFI_FLAG
  -------         PROC          MCU_RESET_WIFI
  C:26B4H         LINE#         753
  C:26B4H         LINE#         754
  C:26B4H         LINE#         755
  C:26B8H         LINE#         757
  -------         ENDPROC       MCU_RESET_WIFI
  -------         PROC          MCU_GET_WIFIMODE_FLAG
  C:272DH         LINE#         769
  C:272DH         LINE#         770
BL51 BANKED LINKER/LOCATER V6.22                                                      02/24/2021  22:36:50  PAGE 17


  C:272DH         LINE#         771
  C:2731H         LINE#         772
  -------         ENDPROC       MCU_GET_WIFIMODE_FLAG
  -------         PROC          _MCU_SET_WIFI_MODE
  D:0005H         SYMBOL        mode
  -------         DO            
  D:0007H         SYMBOL        length
  -------         ENDDO         
  C:25F6H         LINE#         784
  C:25F8H         LINE#         785
  C:25F8H         LINE#         786
  C:25FAH         LINE#         788
  C:25FDH         LINE#         790
  C:2601H         LINE#         792
  -------         ENDPROC       _MCU_SET_WIFI_MODE
  -------         PROC          MCU_GET_WIFI_WORK_STATE
  C:2732H         LINE#         808
  C:2732H         LINE#         809
  C:2732H         LINE#         810
  C:2736H         LINE#         811
  -------         ENDPROC       MCU_GET_WIFI_WORK_STATE
  -------         PROC          MCU_START_WIFITEST
  C:2706H         LINE#         847
  C:2706H         LINE#         848
  C:2706H         LINE#         849
  -------         ENDPROC       MCU_START_WIFITEST
  -------         ENDMOD        MCU_API

  -------         MODULE        PROTOCOL
  C:0000H         SYMBOL        _ICE_DUMMY_
  C:23B2H         SYMBOL        _dp_download_maxhum_set_handle
  C:2620H         SYMBOL        _dp_download_temp_unit_convert_handle
  C:273AH         PUBLIC        get_download_cmd_total
  C:260CH         PUBLIC        all_data_update
  C:24D1H         SYMBOL        _dp_download_temp_set_handle
  C:2737H         PUBLIC        _uart_transmit_output
  C:247FH         SYMBOL        _dp_download_temp_sensitivity_handle
  C:242DH         SYMBOL        _dp_download_temp_periodic_report_handle
  C:2337H         SYMBOL        _dp_download_temp_sampling_handle
  C:24A8H         SYMBOL        _dp_download_hum_sensitivity_handle
  C:2456H         SYMBOL        _dp_download_hum_periodic_report_handle
  C:2404H         SYMBOL        _dp_download_bright_value_handle
  C:271AH         PUBLIC        _wifi_test_result
  C:2634H         SYMBOL        _dp_download_switch_handle
  C:2389H         SYMBOL        _dp_download_minitemp_set_handle
  C:0DFEH         PUBLIC        _dp_download_handle
  C:23DBH         SYMBOL        _dp_download_minihum_set_handle
  C:22E2H         SYMBOL        _dp_download_maxtemp_set_handle
  X:00E7H         PUBLIC        download_cmd
  C:2360H         SYMBOL        _dp_download_humidity_sampling_handle
  -------         PROC          _UART_TRANSMIT_OUTPUT
  D:0007H         SYMBOL        value
  C:2737H         LINE#         120
  C:2737H         LINE#         121
  C:2737H         LINE#         123
  -------         ENDPROC       _UART_TRANSMIT_OUTPUT
  -------         PROC          ALL_DATA_UPDATE
BL51 BANKED LINKER/LOCATER V6.22                                                      02/24/2021  22:36:50  PAGE 18


  C:260CH         LINE#         156
  C:260CH         LINE#         157
  C:260CH         LINE#         161
  -------         ENDPROC       ALL_DATA_UPDATE
  -------         PROC          _DP_DOWNLOAD_TEMP_SAMPLING_HANDLE
  D:0001H         SYMBOL        value
  D:0004H         SYMBOL        length
  -------         DO            
  D:0007H         SYMBOL        ret
  X:0065H         SYMBOL        temp_sampling
  -------         ENDDO         
  C:2337H         LINE#         201
  C:2337H         LINE#         202
  C:2337H         LINE#         207
  C:233FH         LINE#         214
  C:2356H         LINE#         215
  C:235AH         LINE#         216
  C:235DH         LINE#         218
  C:235FH         LINE#         219
  -------         ENDPROC       _DP_DOWNLOAD_TEMP_SAMPLING_HANDLE
  -------         PROC          _DP_DOWNLOAD_HUMIDITY_SAMPLING_HANDLE
  D:0001H         SYMBOL        value
  D:0004H         SYMBOL        length
  -------         DO            
  D:0007H         SYMBOL        ret
  X:0065H         SYMBOL        humidity_sampling
  -------         ENDDO         
  C:2360H         LINE#         228
  C:2360H         LINE#         229
  C:2360H         LINE#         234
  C:2368H         LINE#         241
  C:237FH         LINE#         242
  C:2383H         LINE#         243
  C:2386H         LINE#         245
  C:2388H         LINE#         246
  -------         ENDPROC       _DP_DOWNLOAD_HUMIDITY_SAMPLING_HANDLE
  -------         PROC          _DP_DOWNLOAD_TEMP_UNIT_CONVERT_HANDLE
  D:0001H         SYMBOL        value
  D:0004H         SYMBOL        length
  -------         DO            
  D:0007H         SYMBOL        ret
  D:0007H         SYMBOL        temp_unit_convert
  -------         ENDDO         
  C:2620H         LINE#         255
  C:2620H         LINE#         256
  C:2620H         LINE#         261
  C:2623H         LINE#         262
  C:2623H         LINE#         263
  C:2623H         LINE#         264
  C:2623H         LINE#         266
  C:2623H         LINE#         267
  C:2623H         LINE#         269
  C:2623H         LINE#         271
  C:2623H         LINE#         272
  C:2623H         LINE#         275
  C:262AH         LINE#         276
  C:262EH         LINE#         277
BL51 BANKED LINKER/LOCATER V6.22                                                      02/24/2021  22:36:50  PAGE 19


  C:2631H         LINE#         279
  C:2633H         LINE#         280
  -------         ENDPROC       _DP_DOWNLOAD_TEMP_UNIT_CONVERT_HANDLE
  -------         PROC          _DP_DOWNLOAD_MAXTEMP_SET_HANDLE
  D:0001H         SYMBOL        value
  D:0004H         SYMBOL        length
  -------         DO            
  D:0007H         SYMBOL        ret
  X:0113H         SYMBOL        maxtemp_set
  -------         ENDDO         
  C:22E2H         LINE#         289
  C:22E2H         LINE#         290
  C:22E2H         LINE#         295
  C:22EBH         LINE#         302
  C:2303H         LINE#         303
  C:2307H         LINE#         304
  C:230AH         LINE#         306
  C:230CH         LINE#         307
  -------         ENDPROC       _DP_DOWNLOAD_MAXTEMP_SET_HANDLE
  -------         PROC          _DP_DOWNLOAD_MINITEMP_SET_HANDLE
  D:0001H         SYMBOL        value
  D:0004H         SYMBOL        length
  -------         DO            
  D:0007H         SYMBOL        ret
  X:0065H         SYMBOL        minitemp_set
  -------         ENDDO         
  C:2389H         LINE#         316
  C:2389H         LINE#         317
  C:2389H         LINE#         322
  C:2391H         LINE#         329
  C:23A8H         LINE#         330
  C:23ACH         LINE#         331
  C:23AFH         LINE#         333
  C:23B1H         LINE#         334
  -------         ENDPROC       _DP_DOWNLOAD_MINITEMP_SET_HANDLE
  -------         PROC          _DP_DOWNLOAD_MAXHUM_SET_HANDLE
  D:0001H         SYMBOL        value
  D:0004H         SYMBOL        length
  -------         DO            
  D:0007H         SYMBOL        ret
  X:0065H         SYMBOL        maxhum_set
  -------         ENDDO         
  C:23B2H         LINE#         343
  C:23B2H         LINE#         344
  C:23B2H         LINE#         349
  C:23BAH         LINE#         356
  C:23D1H         LINE#         357
  C:23D5H         LINE#         358
  C:23D8H         LINE#         360
  C:23DAH         LINE#         361
  -------         ENDPROC       _DP_DOWNLOAD_MAXHUM_SET_HANDLE
  -------         PROC          _DP_DOWNLOAD_MINIHUM_SET_HANDLE
  D:0001H         SYMBOL        value
  D:0004H         SYMBOL        length
  -------         DO            
  D:0007H         SYMBOL        ret
  X:0065H         SYMBOL        minihum_set
BL51 BANKED LINKER/LOCATER V6.22                                                      02/24/2021  22:36:50  PAGE 20


  -------         ENDDO         
  C:23DBH         LINE#         370
  C:23DBH         LINE#         371
  C:23DBH         LINE#         376
  C:23E3H         LINE#         383
  C:23FAH         LINE#         384
  C:23FEH         LINE#         385
  C:2401H         LINE#         387
  C:2403H         LINE#         388
  -------         ENDPROC       _DP_DOWNLOAD_MINIHUM_SET_HANDLE
  -------         PROC          _DP_DOWNLOAD_BRIGHT_VALUE_HANDLE
  D:0001H         SYMBOL        value
  D:0004H         SYMBOL        length
  -------         DO            
  D:0007H         SYMBOL        ret
  X:0065H         SYMBOL        bright_value
  -------         ENDDO         
  C:2404H         LINE#         397
  C:2404H         LINE#         398
  C:2404H         LINE#         403
  C:240CH         LINE#         410
  C:2423H         LINE#         411
  C:2427H         LINE#         412
  C:242AH         LINE#         414
  C:242CH         LINE#         415
  -------         ENDPROC       _DP_DOWNLOAD_BRIGHT_VALUE_HANDLE
  -------         PROC          _DP_DOWNLOAD_TEMP_PERIODIC_REPORT_HANDLE
  D:0001H         SYMBOL        value
  D:0004H         SYMBOL        length
  -------         DO            
  D:0007H         SYMBOL        ret
  X:0065H         SYMBOL        temp_periodic_report
  -------         ENDDO         
  C:242DH         LINE#         424
  C:242DH         LINE#         425
  C:242DH         LINE#         430
  C:2435H         LINE#         437
  C:244CH         LINE#         438
  C:2450H         LINE#         439
  C:2453H         LINE#         441
  C:2455H         LINE#         442
  -------         ENDPROC       _DP_DOWNLOAD_TEMP_PERIODIC_REPORT_HANDLE
  -------         PROC          _DP_DOWNLOAD_HUM_PERIODIC_REPORT_HANDLE
  D:0001H         SYMBOL        value
  D:0004H         SYMBOL        length
  -------         DO            
  D:0007H         SYMBOL        ret
  X:0065H         SYMBOL        hum_periodic_report
  -------         ENDDO         
  C:2456H         LINE#         451
  C:2456H         LINE#         452
  C:2456H         LINE#         457
  C:245EH         LINE#         464
  C:2475H         LINE#         465
  C:2479H         LINE#         466
  C:247CH         LINE#         468
  C:247EH         LINE#         469
BL51 BANKED LINKER/LOCATER V6.22                                                      02/24/2021  22:36:50  PAGE 21


  -------         ENDPROC       _DP_DOWNLOAD_HUM_PERIODIC_REPORT_HANDLE
  -------         PROC          _DP_DOWNLOAD_TEMP_SENSITIVITY_HANDLE
  D:0001H         SYMBOL        value
  D:0004H         SYMBOL        length
  -------         DO            
  D:0007H         SYMBOL        ret
  X:0065H         SYMBOL        temp_sensitivity
  -------         ENDDO         
  C:247FH         LINE#         478
  C:247FH         LINE#         479
  C:247FH         LINE#         484
  C:2487H         LINE#         491
  C:249EH         LINE#         492
  C:24A2H         LINE#         493
  C:24A5H         LINE#         495
  C:24A7H         LINE#         496
  -------         ENDPROC       _DP_DOWNLOAD_TEMP_SENSITIVITY_HANDLE
  -------         PROC          _DP_DOWNLOAD_HUM_SENSITIVITY_HANDLE
  D:0001H         SYMBOL        value
  D:0004H         SYMBOL        length
  -------         DO            
  D:0007H         SYMBOL        ret
  X:0065H         SYMBOL        hum_sensitivity
  -------         ENDDO         
  C:24A8H         LINE#         505
  C:24A8H         LINE#         506
  C:24A8H         LINE#         511
  C:24B0H         LINE#         518
  C:24C7H         LINE#         519
  C:24CBH         LINE#         520
  C:24CEH         LINE#         522
  C:24D0H         LINE#         523
  -------         ENDPROC       _DP_DOWNLOAD_HUM_SENSITIVITY_HANDLE
  -------         PROC          _DP_DOWNLOAD_SWITCH_HANDLE
  D:0001H         SYMBOL        value
  D:0004H         SYMBOL        length
  -------         DO            
  D:0007H         SYMBOL        ret
  D:0007H         SYMBOL        switch_1
  -------         ENDDO         
  C:2634H         LINE#         532
  C:2634H         LINE#         533
  C:2634H         LINE#         539
  C:2637H         LINE#         540
  C:2637H         LINE#         542
  C:2637H         LINE#         544
  C:2637H         LINE#         547
  C:263EH         LINE#         548
  C:2642H         LINE#         549
  C:2645H         LINE#         551
  C:2647H         LINE#         552
  -------         ENDPROC       _DP_DOWNLOAD_SWITCH_HANDLE
  -------         PROC          _DP_DOWNLOAD_TEMP_SET_HANDLE
  D:0001H         SYMBOL        value
  D:0004H         SYMBOL        length
  -------         DO            
  D:0007H         SYMBOL        ret
BL51 BANKED LINKER/LOCATER V6.22                                                      02/24/2021  22:36:50  PAGE 22


  X:0065H         SYMBOL        temp_set
  -------         ENDDO         
  C:24D1H         LINE#         561
  C:24D1H         LINE#         562
  C:24D1H         LINE#         567
  C:24D9H         LINE#         574
  C:24F0H         LINE#         575
  C:24F4H         LINE#         576
  C:24F7H         LINE#         578
  C:24F9H         LINE#         579
  -------         ENDPROC       _DP_DOWNLOAD_TEMP_SET_HANDLE
  -------         PROC          _DP_DOWNLOAD_HANDLE
  D:0007H         SYMBOL        dpid
  X:005FH         SYMBOL        value
  X:0062H         SYMBOL        length
  -------         DO            
  X:0064H         SYMBOL        ret
  -------         ENDDO         
  C:0DFEH         LINE#         599
  C:0E08H         LINE#         600
  C:0E08H         LINE#         607
  C:0E54H         LINE#         608
  C:0E54H         LINE#         610
  C:0E67H         LINE#         611
  C:0E6AH         LINE#         612
  C:0E6AH         LINE#         614
  C:0E7DH         LINE#         615
  C:0E80H         LINE#         616
  C:0E80H         LINE#         618
  C:0E93H         LINE#         619
  C:0E96H         LINE#         620
  C:0E96H         LINE#         622
  C:0EA9H         LINE#         623
  C:0EACH         LINE#         624
  C:0EACH         LINE#         626
  C:0EBFH         LINE#         627
  C:0EC2H         LINE#         628
  C:0EC2H         LINE#         630
  C:0ED5H         LINE#         631
  C:0ED8H         LINE#         632
  C:0ED8H         LINE#         634
  C:0EEBH         LINE#         635
  C:0EEEH         LINE#         636
  C:0EEEH         LINE#         638
  C:0F01H         LINE#         639
  C:0F03H         LINE#         640
  C:0F03H         LINE#         642
  C:0F16H         LINE#         643
  C:0F18H         LINE#         644
  C:0F18H         LINE#         646
  C:0F2BH         LINE#         647
  C:0F2DH         LINE#         648
  C:0F2DH         LINE#         650
  C:0F40H         LINE#         651
  C:0F42H         LINE#         652
  C:0F42H         LINE#         654
  C:0F55H         LINE#         655
BL51 BANKED LINKER/LOCATER V6.22                                                      02/24/2021  22:36:50  PAGE 23


  C:0F57H         LINE#         656
  C:0F57H         LINE#         658
  C:0F6AH         LINE#         659
  C:0F6CH         LINE#         660
  C:0F6CH         LINE#         662
  C:0F83H         LINE#         663
  C:0F83H         LINE#         666
  C:0F83H         LINE#         667
  C:0F83H         LINE#         668
  C:0F83H         LINE#         669
  C:0F87H         LINE#         670
  -------         ENDPROC       _DP_DOWNLOAD_HANDLE
  -------         PROC          GET_DOWNLOAD_CMD_TOTAL
  C:273AH         LINE#         678
  C:273AH         LINE#         679
  C:273AH         LINE#         680
  C:273CH         LINE#         681
  -------         ENDPROC       GET_DOWNLOAD_CMD_TOTAL
  -------         PROC          _WIFI_TEST_RESULT
  X:0057H         SYMBOL        result
  X:0058H         SYMBOL        rssi
  C:271AH         LINE#         797
  C:2721H         LINE#         798
  C:2721H         LINE#         800
  C:2721H         LINE#         802
  C:2721H         LINE#         804
  C:2721H         LINE#         806
  C:2721H         LINE#         807
  C:2721H         LINE#         810
  C:2721H         LINE#         811
  -------         ENDPROC       _WIFI_TEST_RESULT
  -------         ENDMOD        PROTOCOL

  -------         MODULE        SYSTEM
  C:0000H         SYMBOL        _ICE_DUMMY_
  C:2289H         SYMBOL        _get_dowmload_dpid_index
  C:2710H         SYMBOL        get_mcu_wifi_mode
  C:24FAH         SYMBOL        heat_beat_check
  I:001FH         PUBLIC        set_wifimode_flag
  C:251FH         PUBLIC        _set_wifi_uart_byte
  C:26A5H         PUBLIC        with_data_rxbuff
  I:0020H         PUBLIC        stop_update_flag
  C:230DH         PUBLIC        take_byte_rxbuff
  X:007AH         PUBLIC        wifi_data_process_buf
  I:0021H         PUBLIC        reset_wifi_flag
  X:0099H         PUBLIC        wifi_uart_rx_buf
  X:00B0H         PUBLIC        wifi_uart_tx_buf
  X:0037H         PUBLIC        rx_buf_in
  C:2185H         SYMBOL        _?ix1000
  X:0038H         PUBLIC        rx_buf_out
  C:1C9EH         PUBLIC        _wifi_uart_write_frame
  C:2047H         PUBLIC        _get_check_sum
  C:1E5DH         SYMBOL        _wifi_uart_write_data
  I:0022H         PUBLIC        wifi_work_state
  C:1C44H         PUBLIC        _set_wifi_uart_buffer
  C:10CEH         PUBLIC        _data_handle
  C:1A0FH         SYMBOL        _data_point_handle
BL51 BANKED LINKER/LOCATER V6.22                                                      02/24/2021  22:36:50  PAGE 24


  C:1689H         SYMBOL        product_info_update
  -------         PROC          _SET_WIFI_UART_BYTE
  X:006EH         SYMBOL        dest
  D:0005H         SYMBOL        byte
  -------         DO            
  D:0001H         SYMBOL        obj
  -------         ENDDO         
  C:251FH         LINE#         34
  C:2526H         LINE#         35
  C:2526H         LINE#         36
  C:252FH         LINE#         38
  C:2533H         LINE#         39
  C:253CH         LINE#         41
  C:2541H         LINE#         42
  -------         ENDPROC       _SET_WIFI_UART_BYTE
  -------         PROC          L?0052
  -------         ENDPROC       L?0052
  -------         PROC          _SET_WIFI_UART_BUFFER
  X:0062H         SYMBOL        dest
  X:0064H         SYMBOL        src
  X:0067H         SYMBOL        len
  -------         DO            
  D:0001H         SYMBOL        obj
  -------         ENDDO         
  C:1C44H         LINE#         51
  C:1C55H         LINE#         52
  C:1C55H         LINE#         53
  C:1C5EH         LINE#         55
  C:1C88H         LINE#         57
  C:1C98H         LINE#         58
  C:1C9DH         LINE#         59
  -------         ENDPROC       _SET_WIFI_UART_BUFFER
  -------         PROC          _GET_CHECK_SUM
  X:0070H         SYMBOL        pack
  X:0073H         SYMBOL        pack_len
  -------         DO            
  D:0006H         SYMBOL        i
  X:0075H         SYMBOL        check_sum
  -------         ENDDO         
  C:2047H         LINE#         67
  C:2057H         LINE#         68
  C:2057H         LINE#         70
  C:205AH         LINE#         72
  C:2066H         LINE#         73
  C:2080H         LINE#         74
  C:2087H         LINE#         76
  C:208BH         LINE#         77
  -------         ENDPROC       _GET_CHECK_SUM
  -------         PROC          _WIFI_UART_WRITE_DATA
  X:0070H         SYMBOL        in
  X:0073H         SYMBOL        len
  C:1E5DH         LINE#         85
  C:1E6DH         LINE#         86
  C:1E6DH         LINE#         87
  C:1E83H         LINE#         89
  C:1E83H         LINE#         91
  C:1E95H         LINE#         92
BL51 BANKED LINKER/LOCATER V6.22                                                      02/24/2021  22:36:50  PAGE 25


  C:1EA6H         LINE#         93
  C:1EB1H         LINE#         94
  C:1EB3H         LINE#         95
  -------         ENDPROC       _WIFI_UART_WRITE_DATA
  -------         PROC          _WIFI_UART_WRITE_FRAME
  D:0007H         SYMBOL        fr_type
  D:0005H         SYMBOL        fr_ver
  X:006EH         SYMBOL        len
  -------         DO            
  D:0006H         SYMBOL        check_sum
  -------         ENDDO         
  C:1C9EH         LINE#         104
  C:1CA5H         LINE#         105
  C:1CA5H         LINE#         106
  C:1CA5H         LINE#         108
  C:1CABH         LINE#         109
  C:1CAFH         LINE#         110
  C:1CB2H         LINE#         111
  C:1CB5H         LINE#         112
  C:1CBEH         LINE#         113
  C:1CC1H         LINE#         115
  C:1CCAH         LINE#         116
  C:1CDFH         LINE#         117
  C:1CF1H         LINE#         119
  -------         ENDPROC       _WIFI_UART_WRITE_FRAME
  -------         PROC          HEAT_BEAT_CHECK
  -------         DO            
  D:0007H         SYMBOL        length
  X:0036H         SYMBOL        mcu_reset_state
  -------         ENDDO         
  C:24FAH         LINE#         127
  C:24FAH         LINE#         128
  C:24FAH         LINE#         129
  C:24FCH         LINE#         132
  C:2501H         LINE#         133
  C:2506H         LINE#         134
  C:250BH         LINE#         135
  C:250DH         LINE#         136
  C:2514H         LINE#         137
  C:2514H         LINE#         139
  -------         ENDPROC       HEAT_BEAT_CHECK
  -------         PROC          PRODUCT_INFO_UPDATE
  -------         DO            
  X:0057H         SYMBOL        length
  X:0058H         SYMBOL        str
  -------         ENDDO         
  C:1689H         LINE#         147
  C:1689H         LINE#         148
  C:1689H         LINE#         149
  C:168DH         LINE#         150
  C:169EH         LINE#         152
  C:16B9H         LINE#         153
  C:16D4H         LINE#         154
  C:16F7H         LINE#         155
  C:171AH         LINE#         156
  C:173DH         LINE#         157
  C:1760H         LINE#         175
BL51 BANKED LINKER/LOCATER V6.22                                                      02/24/2021  22:36:50  PAGE 26


  C:1783H         LINE#         177
  -------         ENDPROC       PRODUCT_INFO_UPDATE
  -------         PROC          GET_MCU_WIFI_MODE
  -------         DO            
  D:0007H         SYMBOL        length
  -------         ENDDO         
  C:2710H         LINE#         185
  C:2710H         LINE#         186
  C:2710H         LINE#         187
  C:2711H         LINE#         196
  -------         ENDPROC       GET_MCU_WIFI_MODE
  -------         PROC          _GET_DOWMLOAD_DPID_INDEX
  X:005EH         SYMBOL        dpid
  -------         DO            
  D:0006H         SYMBOL        index
  D:0007H         SYMBOL        total
  -------         ENDDO         
  C:2289H         LINE#         204
  C:228DH         LINE#         205
  C:228DH         LINE#         207
  C:2290H         LINE#         209
  C:2297H         LINE#         210
  C:22B0H         LINE#         211
  C:22B0H         LINE#         212
  C:22B0H         LINE#         213
  C:22B3H         LINE#         215
  C:22B5H         LINE#         216
  -------         ENDPROC       _GET_DOWMLOAD_DPID_INDEX
  -------         PROC          _DATA_POINT_HANDLE
  X:0057H         SYMBOL        value
  -------         DO            
  X:005AH         SYMBOL        dp_id
  D:0007H         SYMBOL        index
  X:005BH         SYMBOL        dp_type
  D:0007H         SYMBOL        ret
  X:005CH         SYMBOL        dp_len
  -------         ENDDO         
  C:1A0FH         LINE#         223
  C:1A19H         LINE#         224
  C:1A19H         LINE#         230
  C:1A1FH         LINE#         231
  C:1A28H         LINE#         232
  C:1A34H         LINE#         233
  C:1A45H         LINE#         235
  C:1A4AH         LINE#         237
  C:1A61H         LINE#         239
  C:1A64H         LINE#         240
  C:1A64H         LINE#         241
  C:1A87H         LINE#         242
  C:1A87H         LINE#         244
  C:1A87H         LINE#         245
  -------         ENDPROC       _DATA_POINT_HANDLE
  -------         PROC          _DATA_HANDLE
  X:0052H         SYMBOL        offset
  -------         DO            
  X:0054H         SYMBOL        dp_len
  X:0056H         SYMBOL        ret
BL51 BANKED LINKER/LOCATER V6.22                                                      02/24/2021  22:36:50  PAGE 27


  I:0018H         SYMBOL        i
  I:001AH         SYMBOL        total_len
  I:001CH         SYMBOL        cmd_type
  I:001DH         SYMBOL        result
  D:0006H         SYMBOL        rssi
  -------         ENDDO         
  C:10CEH         LINE#         391
  C:10D5H         LINE#         392
  C:10D5H         LINE#         406
  C:10E7H         LINE#         424
  C:110AH         LINE#         425
  C:110AH         LINE#         426
  C:110AH         LINE#         427
  C:110DH         LINE#         428
  C:110DH         LINE#         430
  C:110DH         LINE#         431
  C:1110H         LINE#         432
  C:1110H         LINE#         434
  C:1110H         LINE#         435
  C:1113H         LINE#         436
  C:1113H         LINE#         439
  C:1113H         LINE#         440
  C:1126H         LINE#         441
  C:1130H         LINE#         448
  C:1130H         LINE#         450
  C:1130H         LINE#         451
  C:1134H         LINE#         452
  C:1135H         LINE#         454
  C:1135H         LINE#         455
  C:1139H         LINE#         456
  C:113AH         LINE#         459
  C:113AH         LINE#         460
  C:115FH         LINE#         462
  C:1175H         LINE#         463
  C:1197H         LINE#         464
  C:11ADH         LINE#         466
  C:11C9H         LINE#         468
  C:11C9H         LINE#         470
  C:11C9H         LINE#         472
  C:11C9H         LINE#         474
  C:11DDH         LINE#         475
  C:11DFH         LINE#         476
  C:11DFH         LINE#         478
  C:11DFH         LINE#         479
  C:11E2H         LINE#         480
  C:11E2H         LINE#         557
  C:11E2H         LINE#         558
  C:11F6H         LINE#         559
  C:1202H         LINE#         560
  C:1209H         LINE#         561
  C:1209H         LINE#         725
  C:1209H         LINE#         726
  C:1209H         LINE#         727
  -------         ENDPROC       _DATA_HANDLE
  -------         PROC          WITH_DATA_RXBUFF
  C:26A5H         LINE#         734
  C:26A5H         LINE#         735
BL51 BANKED LINKER/LOCATER V6.22                                                      02/24/2021  22:36:50  PAGE 28


  C:26A5H         LINE#         736
  C:26AEH         LINE#         737
  C:26B1H         LINE#         739
  C:26B3H         LINE#         740
  -------         ENDPROC       WITH_DATA_RXBUFF
  -------         PROC          TAKE_BYTE_RXBUFF
  -------         DO            
  I:0018H         SYMBOL        value
  -------         ENDDO         
  C:230DH         LINE#         747
  C:230DH         LINE#         748
  C:230DH         LINE#         751
  C:2317H         LINE#         753
  C:2323H         LINE#         755
  C:2326H         LINE#         756
  C:2326H         LINE#         758
  C:2332H         LINE#         759
  C:2332H         LINE#         761
  C:2336H         LINE#         762
  -------         ENDPROC       TAKE_BYTE_RXBUFF
  -------         ENDMOD        SYSTEM

  -------         MODULE        LCD_INIT
  C:0000H         SYMBOL        _ICE_DUMMY_
  C:225BH         PUBLIC        _lcd_address
  D:0080H         PUBLIC        P0
  D:0090H         PUBLIC        P1
  D:00A0H         PUBLIC        P2
  D:00B0H         PUBLIC        P3
  C:178DH         PUBLIC        initial_lcd
  B:00A0H.1       PUBLIC        cs1
  C:25DBH         PUBLIC        TY_display
  D:00A8H         PUBLIC        IE
  C:0003H         PUBLIC        _delay
  D:00B8H         PUBLIC        IP
  C:2682H         PUBLIC        _Delay1
  D:00D8H         PUBLIC        CCON
  B:00A0H.0       PUBLIC        reset
  B:00A0H.2       PUBLIC        sclk
  C:1DB1H         PUBLIC        _transfer_command
  D:0098H         PUBLIC        SCON
  D:0088H         PUBLIC        TCON
  B:00A0H.3       PUBLIC        sid
  C:0030H         PUBLIC        dian2
  C:0038H         PUBLIC        no_dian
  B:00A0H.4       PUBLIC        rs
  C:2202H         PUBLIC        _transfer_data
  D:00C8H         PUBLIC        T2CON
  C:0040H         PUBLIC        ascii_table_8x20
  C:1BD8H         PUBLIC        _display_data_8x20
  C:21C9H         PUBLIC        clear_screen
  C:157CH         PUBLIC        _display_string_8x16
  C:00F0H         PUBLIC        ascii_table_8x16
  D:00D0H         PUBLIC        PSW
  -------         PROC          INITIAL_LCD
  C:178DH         LINE#         48
  C:178DH         LINE#         49
BL51 BANKED LINKER/LOCATER V6.22                                                      02/24/2021  22:36:50  PAGE 29


  C:178DH         LINE#         50
  C:178FH         LINE#         51
  C:1796H         LINE#         52
  C:1798H         LINE#         53
  C:179FH         LINE#         55
  C:17A6H         LINE#         56
  C:17ADH         LINE#         57
  C:17B4H         LINE#         58
  C:17BBH         LINE#         59
  C:17C2H         LINE#         60
  C:17C9H         LINE#         62
  C:17D0H         LINE#         63
  C:17D7H         LINE#         64
  C:17DEH         LINE#         66
  C:17E5H         LINE#         67
  C:17ECH         LINE#         69
  C:17F3H         LINE#         70
  C:17FAH         LINE#         71
  C:1801H         LINE#         72
  C:1808H         LINE#         74
  C:180FH         LINE#         75
  C:1812H         LINE#         76
  C:1819H         LINE#         77
  C:181CH         LINE#         78
  C:1823H         LINE#         79
  C:182AH         LINE#         81
  C:1831H         LINE#         82
  C:1838H         LINE#         84
  C:183EH         LINE#         86
  C:1845H         LINE#         87
  C:184CH         LINE#         88
  C:1853H         LINE#         90
  -------         ENDPROC       INITIAL_LCD
  -------         PROC          _LCD_ADDRESS
  D:0007H         SYMBOL        page
  X:005BH         SYMBOL        column
  C:225BH         LINE#         93
  C:225FH         LINE#         94
  C:225FH         LINE#         95
  C:2261H         LINE#         96
  C:2264H         LINE#         97
  C:2265H         LINE#         98
  C:226FH         LINE#         99
  C:227EH         LINE#         100
  -------         ENDPROC       _LCD_ADDRESS
  -------         PROC          CLEAR_SCREEN
  -------         DO            
  X:004EH         SYMBOL        i
  X:004FH         SYMBOL        j
  -------         ENDDO         
  C:21C9H         LINE#         104
  C:21C9H         LINE#         105
  C:21C9H         LINE#         107
  C:21D6H         LINE#         108
  C:21D6H         LINE#         109
  C:21DEH         LINE#         110
  C:21E2H         LINE#         111
BL51 BANKED LINKER/LOCATER V6.22                                                      02/24/2021  22:36:50  PAGE 30


  C:21E2H         LINE#         112
  C:21E8H         LINE#         113
  C:21F3H         LINE#         114
  C:21FAH         LINE#         115
  -------         ENDPROC       CLEAR_SCREEN
  -------         PROC          L?0068
  -------         ENDPROC       L?0068
  -------         PROC          _TRANSFER_COMMAND
  X:005CH         SYMBOL        data1
  -------         DO            
  X:005EH         SYMBOL        i
  -------         ENDDO         
  C:1DB1H         LINE#         119
  C:1DB8H         LINE#         120
  C:1DB8H         LINE#         122
  C:1DBAH         LINE#         123
  C:1DBCH         LINE#         124
  C:1DBFH         LINE#         125
  C:1DBFH         LINE#         126
  C:1DC1H         LINE#         127
  C:1DC6H         LINE#         128
  C:1DD0H         LINE#         129
  C:1DD2H         LINE#         130
  C:1DD4H         LINE#         131
  C:1DD9H         LINE#         132
  C:1DF9H         LINE#         133
  C:1E03H         LINE#         134
  C:1E05H         LINE#         135
  -------         ENDPROC       _TRANSFER_COMMAND
  -------         PROC          L?0067
  -------         ENDPROC       L?0067
  -------         PROC          _TRANSFER_DATA
  D:0006H         SYMBOL        data1
  -------         DO            
  D:0005H         SYMBOL        i
  -------         ENDDO         
  C:2202H         LINE#         138
  C:2202H         LINE#         139
  C:2202H         LINE#         141
  C:2204H         LINE#         142
  C:2206H         LINE#         143
  C:2208H         LINE#         144
  C:2208H         LINE#         145
  C:220AH         LINE#         146
  C:2212H         LINE#         147
  C:2214H         LINE#         148
  C:2216H         LINE#         149
  C:2224H         LINE#         150
  C:2229H         LINE#         151
  C:222BH         LINE#         152
  -------         ENDPROC       _TRANSFER_DATA
  -------         PROC          _DELAY
  D:0006H         SYMBOL        i
  -------         DO            
  D:0004H         SYMBOL        j
  D:0002H         SYMBOL        k
  -------         ENDDO         
BL51 BANKED LINKER/LOCATER V6.22                                                      02/24/2021  22:36:50  PAGE 31


  C:0003H         LINE#         158
  C:0003H         LINE#         159
  C:0003H         LINE#         161
  C:000DH         LINE#         162
  C:0022H         LINE#         163
  -------         ENDPROC       _DELAY
  -------         PROC          _DELAY1
  D:0007H         SYMBOL        i
  -------         DO            
  D:0006H         SYMBOL        j
  D:0005H         SYMBOL        k
  -------         ENDDO         
  C:2682H         LINE#         166
  C:2682H         LINE#         167
  C:2682H         LINE#         169
  C:2689H         LINE#         170
  C:2693H         LINE#         171
  -------         ENDPROC       _DELAY1
  -------         PROC          L?0066
  -------         ENDPROC       L?0066
  -------         PROC          _DISPLAY_STRING_8X16
  X:004EH         SYMBOL        page
  X:0050H         SYMBOL        column
  X:0052H         SYMBOL        text
  -------         DO            
  X:0055H         SYMBOL        i
  X:0057H         SYMBOL        j
  D:0002H         SYMBOL        k
  X:0059H         SYMBOL        n
  -------         ENDDO         
  C:157CH         LINE#         221
  C:1592H         LINE#         222
  C:1592H         LINE#         223
  C:1597H         LINE#         224
  C:1599H         LINE#         225
  C:15B8H         LINE#         226
  C:15B8H         LINE#         227
  C:15C9H         LINE#         228
  C:15C9H         LINE#         229
  C:15D4H         LINE#         230
  C:15E9H         LINE#         231
  C:15E9H         LINE#         232
  C:15F6H         LINE#         233
  C:15F9H         LINE#         234
  C:15F9H         LINE#         235
  C:1633H         LINE#         236
  C:163EH         LINE#         237
  C:164BH         LINE#         238
  C:1656H         LINE#         239
  C:1661H         LINE#         240
  C:166FH         LINE#         241
  C:166FH         LINE#         242
  C:1673H         LINE#         243
  C:1678H         LINE#         244
  C:1678H         LINE#         245
  C:167AH         LINE#         247
  C:1685H         LINE#         248
BL51 BANKED LINKER/LOCATER V6.22                                                      02/24/2021  22:36:50  PAGE 32


  C:1688H         LINE#         249
  -------         ENDPROC       _DISPLAY_STRING_8X16
  -------         PROC          _DISPLAY_DATA_8X20
  X:004EH         SYMBOL        page
  X:004FH         SYMBOL        column
  X:0050H         SYMBOL        dat
  -------         DO            
  D:0004H         SYMBOL        k
  X:0051H         SYMBOL        n
  -------         ENDDO         
  C:1BD8H         LINE#         252
  C:1BE2H         LINE#         253
  C:1BE2H         LINE#         255
  C:1BE4H         LINE#         257
  C:1BE9H         LINE#         258
  C:1BF6H         LINE#         259
  C:1BF6H         LINE#         260
  C:1C01H         LINE#         261
  C:1C03H         LINE#         262
  C:1C03H         LINE#         263
  C:1C2FH         LINE#         264
  C:1C34H         LINE#         265
  C:1C3BH         LINE#         267
  -------         ENDPROC       _DISPLAY_DATA_8X20
  -------         PROC          TY_DISPLAY
  C:25DBH         LINE#         269
  C:25DBH         LINE#         270
  C:25DBH         LINE#         271
  C:25E4H         LINE#         272
  C:25EDH         LINE#         273
  -------         ENDPROC       TY_DISPLAY
  -------         ENDMOD        LCD_INIT

  -------         MODULE        MAIN
  C:0000H         SYMBOL        _ICE_DUMMY_
  D:0091H         PUBLIC        P1M0
  D:0080H         PUBLIC        P0
  D:0095H         PUBLIC        P2M0
  D:0092H         PUBLIC        P1M1
  D:0090H         PUBLIC        P1
  D:00B1H         PUBLIC        P3M0
  D:0096H         PUBLIC        P2M1
  D:00A0H         PUBLIC        P2
  D:00B2H         PUBLIC        P3M1
  D:00B0H         PUBLIC        P3
  B:00A8H.7       PUBLIC        EA
  D:00A8H         PUBLIC        IE
[...]
  C:25ADH         LINE#         49
  C:25B0H         LINE#         50
  C:25B3H         LINE#         52
  C:25B5H         LINE#         53
  C:25B7H         LINE#         54
  C:25B9H         LINE#         55
  C:25BBH         LINE#         56
  C:25BDH         LINE#         57
  -------         ENDPROC       PORTINIT
  -------         PROC          LED_CTR
  -------         DO            
  X:0039H         SYMBOL        i
  -------         ENDDO         
  C:25BEH         LINE#         59
  C:25BEH         LINE#         60
  C:25BEH         LINE#         62
  C:25C3H         LINE#         63
  C:25CAH         LINE#         64
  C:25CAH         LINE#         65
  C:25CCH         LINE#         66
  C:25CDH         LINE#         67
  C:25D3H         LINE#         68
  C:25D3H         LINE#         69
  C:25D5H         LINE#         70
  C:25D6H         LINE#         71
  C:25DAH         LINE#         72
  -------         ENDPROC       LED_CTR
BL51 BANKED LINKER/LOCATER V6.22                                                      02/24/2021  22:36:50  PAGE 34


  -------         PROC          MAIN
  C:20D1H         LINE#         73
  C:20D1H         LINE#         74
  C:20D1H         LINE#         75
  C:20D8H         LINE#         76
  C:20DBH         LINE#         77
  C:20DEH         LINE#         78
  C:20E1H         LINE#         79
  C:20E4H         LINE#         80
  C:20E7H         LINE#         81
  C:20EAH         LINE#         82
  C:20EDH         LINE#         83
  C:20EDH         LINE#         84
  C:20EDH         LINE#         85
  C:20F0H         LINE#         87
  C:20FEH         LINE#         88
  C:210CH         LINE#         89
  C:210FH         LINE#         100
  C:2112H         LINE#         101
  -------         ENDPROC       MAIN
  -------         ENDMOD        MAIN

  -------         MODULE        MYIIC
  C:0000H         SYMBOL        _ICE_DUMMY_
  D:0080H         PUBLIC        P0
  D:0090H         PUBLIC        P1
  D:00A0H         PUBLIC        P2
  D:00B0H         PUBLIC        P3
  D:00A8H         PUBLIC        IE
  B:0090H.0       PUBLIC        IIC_SDA
  C:26FBH         PUBLIC        IIC_NAck
  B:0090H.2       PUBLIC        IIC_SCL
  D:00B8H         PUBLIC        IP
  D:00D8H         PUBLIC        CCON
  C:222CH         PUBLIC        _IIC_Read_Byte
  D:0098H         PUBLIC        SCON
  D:0088H         PUBLIC        TCON
  C:22B6H         PUBLIC        _IIC_Send_Byte
  C:26F0H         PUBLIC        IIC_Ack
  C:2648H         PUBLIC        IIC_Start
  C:2749H         PUBLIC        IIC_Init
  B:0090H.0       PUBLIC        READ_SDA
  C:2665H         PUBLIC        _delay_us
  C:266FH         PUBLIC        IIC_Stop
  D:00C8H         PUBLIC        T2CON
  D:00D0H         PUBLIC        PSW
  C:265CH         SYMBOL        L?0024
  -------         PROC          L?0023
  -------         ENDPROC       L?0023
  C:265CH         SYMBOL        L?0024
  -------         PROC          _DELAY_US
  D:0007H         SYMBOL        cnt
  C:2665H         LINE#         6
  C:2665H         LINE#         7
  C:2665H         LINE#         9
  C:266BH         LINE#         10
  C:266BH         LINE#         12
BL51 BANKED LINKER/LOCATER V6.22                                                      02/24/2021  22:36:50  PAGE 35


  C:266EH         LINE#         13
  -------         ENDPROC       _DELAY_US
  -------         PROC          IIC_INIT
  C:2749H         LINE#         15
  C:2749H         LINE#         16
  C:2749H         LINE#         18
  -------         ENDPROC       IIC_INIT
  -------         PROC          IIC_START
  C:2648H         LINE#         20
  C:2648H         LINE#         21
  C:2648H         LINE#         22
  C:2649H         LINE#         23
  C:264BH         LINE#         24
  C:264DH         LINE#         25
  C:2652H         LINE#         26
  C:2654H         LINE#         27
  C:2659H         LINE#         28
  C:265BH         LINE#         29
  -------         ENDPROC       IIC_START
  -------         PROC          IIC_STOP
  C:266FH         LINE#         31
  C:266FH         LINE#         32
  C:266FH         LINE#         33
  C:2670H         LINE#         34
  C:2672H         LINE#         35
  C:2674H         LINE#         36
  C:2679H         LINE#         37
  C:267BH         LINE#         38
  C:267DH         LINE#         39
  -------         ENDPROC       IIC_STOP
  -------         PROC          IIC_ACK
  C:26F0H         LINE#         63
  C:26F0H         LINE#         64
  C:26F0H         LINE#         65
  C:26F2H         LINE#         66
  C:26F3H         LINE#         67
  C:26F5H         LINE#         68
  C:26F5H         LINE#         69
  C:26F5H         LINE#         70
  C:26F8H         LINE#         71
  C:26FAH         LINE#         72
  -------         ENDPROC       IIC_ACK
  -------         PROC          IIC_NACK
  C:26FBH         LINE#         74
  C:26FBH         LINE#         75
  C:26FBH         LINE#         76
  C:26FDH         LINE#         77
  C:26FEH         LINE#         78
  C:2700H         LINE#         79
  C:2700H         LINE#         80
  C:2700H         LINE#         81
  C:2703H         LINE#         82
  C:2705H         LINE#         83
  -------         ENDPROC       IIC_NACK
  -------         PROC          _IIC_SEND_BYTE
  D:0006H         SYMBOL        txd
  -------         DO            
BL51 BANKED LINKER/LOCATER V6.22                                                      02/24/2021  22:36:50  PAGE 36


  D:0005H         SYMBOL        t
  -------         ENDDO         
  C:22B6H         LINE#         88
  C:22B8H         LINE#         89
  C:22B8H         LINE#         91
  C:22B9H         LINE#         92
  C:22BBH         LINE#         93
  C:22BDH         LINE#         94
  C:22BDH         LINE#         96
  C:22C8H         LINE#         97
  C:22CCH         LINE#         99
  C:22CEH         LINE#         100
  C:22D2H         LINE#         101
  C:22D2H         LINE#         102
  C:22D2H         LINE#         103
  C:22D5H         LINE#         104
  C:22D7H         LINE#         105
  C:22DCH         LINE#         106
  C:22E1H         LINE#         107
  -------         ENDPROC       _IIC_SEND_BYTE
  -------         PROC          _IIC_READ_BYTE
  D:0006H         SYMBOL        ack
  -------         DO            
  D:0004H         SYMBOL        i
  D:0005H         SYMBOL        receive
  -------         ENDDO         
  C:222CH         LINE#         109
  C:222EH         LINE#         110
  C:222EH         LINE#         111
  C:2230H         LINE#         112
  C:2231H         LINE#         113
  C:2232H         LINE#         114
  C:2232H         LINE#         115
  C:2234H         LINE#         116
  C:2239H         LINE#         117
  C:223BH         LINE#         118
  C:223FH         LINE#         119
  C:2243H         LINE#         120
  C:2248H         LINE#         121
  C:224DH         LINE#         122
  C:2250H         LINE#         123
  C:2255H         LINE#         125
  C:2258H         LINE#         126
  C:225AH         LINE#         127
  -------         ENDPROC       _IIC_READ_BYTE
  -------         ENDMOD        MYIIC

  -------         MODULE        USART
  C:0000H         SYMBOL        _ICE_DUMMY_
  D:0080H         PUBLIC        P0
  D:0090H         PUBLIC        P1
  D:00A0H         PUBLIC        P2
  D:00B0H         PUBLIC        P3
  B:00A8H.7       PUBLIC        EA
  C:2542H         PUBLIC        USART_Init
  D:00A8H         PUBLIC        IE
  B:00A8H.4       PUBLIC        ES
BL51 BANKED LINKER/LOCATER V6.22                                                      02/24/2021  22:36:50  PAGE 37


  D:00B8H         PUBLIC        IP
  B:0098H.0       PUBLIC        RI
  B:0098H.1       PUBLIC        TI
  D:00D8H         PUBLIC        CCON
  I:0008H         PUBLIC        RxBuffer
  D:0099H         PUBLIC        SBUF
  D:0087H         PUBLIC        PCON
  D:0098H         PUBLIC        SCON
  D:0089H         PUBLIC        TMOD
  D:0088H         PUBLIC        TCON
  D:008EH         PUBLIC        AUXR
  C:1FFCH         PUBLIC        ser
  C:26D9H         PUBLIC        _sendchar
  D:008DH         PUBLIC        TH1
  B:0098H.7       PUBLIC        SM0
  B:0098H.6       PUBLIC        SM1
  D:008BH         PUBLIC        TL1
  B:0088H.6       PUBLIC        TR1
  I:0016H         PUBLIC        usart_RData
  B:0098H.4       PUBLIC        REN
  D:00C8H         PUBLIC        T2CON
  D:00D0H         PUBLIC        PSW
  I:0017H         PUBLIC        rebuff
  -------         PROC          USART_INIT
  C:2542H         LINE#         24
  C:2542H         LINE#         25
  C:2542H         LINE#         26
  C:2545H         LINE#         27
  C:2548H         LINE#         28
  C:254BH         LINE#         29
  C:254EH         LINE#         31
  C:2551H         LINE#         32
  C:2554H         LINE#         33
  C:2557H         LINE#         35
  C:2559H         LINE#         36
  C:255BH         LINE#         37
  C:255DH         LINE#         38
  C:255FH         LINE#         40
  C:2561H         LINE#         41
  C:2563H         LINE#         42
  -------         ENDPROC       USART_INIT
  -------         PROC          _SENDCHAR
  D:0007H         SYMBOL        num
  C:26D9H         LINE#         44
  C:26D9H         LINE#         45
  C:26D9H         LINE#         46
  C:26DBH         LINE#         47
  C:26DDH         LINE#         48
  C:26E0H         LINE#         49
  C:26E0H         LINE#         51
  C:26E0H         LINE#         52
  C:26E2H         LINE#         53
  C:26E4H         LINE#         55
  -------         ENDPROC       _SENDCHAR
  -------         PROC          SER
  -------         DO            
  I:001EH         SYMBOL        temp
BL51 BANKED LINKER/LOCATER V6.22                                                      02/24/2021  22:36:50  PAGE 38


  -------         ENDDO         
  C:1FFCH         LINE#         84
  C:2019H         LINE#         86
  C:201DH         LINE#         89
  C:2020H         LINE#         90
  C:2020H         LINE#         92
  C:2022H         LINE#         93
  C:2027H         LINE#         94
  C:202AH         LINE#         95
  C:202CH         LINE#         99
  C:202CH         LINE#         102
  -------         ENDPROC       SER
  -------         ENDMOD        USART

  -------         MODULE        USER_SHT30
  C:0000H         SYMBOL        _ICE_DUMMY_
  D:0080H         PUBLIC        P0
  D:0090H         PUBLIC        P1
  D:00A0H         PUBLIC        P2
  D:00B0H         PUBLIC        P3
  C:2743H         PUBLIC        _SendData
  D:00A8H         PUBLIC        IE
  C:2722H         PUBLIC        RecvData
  C:273DH         PUBLIC        Start
  D:00B8H         PUBLIC        IP
  D:00D8H         PUBLIC        CCON
  C:2740H         PUBLIC        Stop
  C:1333H         PUBLIC        sht30_read
  D:0098H         PUBLIC        SCON
  D:0088H         PUBLIC        TCON
  X:004BH         PUBLIC        FlashBuffer
  C:2746H         PUBLIC        SendACK
  C:2583H         PUBLIC        SHT_Init
  D:00C8H         PUBLIC        T2CON
  C:208CH         PUBLIC        _sht_crc
  D:00D0H         PUBLIC        PSW
  -------         PROC          START
  C:273DH         LINE#         19
  C:273DH         LINE#         20
  C:273DH         LINE#         21
  -------         ENDPROC       START
  -------         PROC          STOP
  C:2740H         LINE#         23
  C:2740H         LINE#         24
  C:2740H         LINE#         25
  -------         ENDPROC       STOP
  -------         PROC          _SENDDATA
  D:0007H         SYMBOL        i
  C:2743H         LINE#         27
  C:2743H         LINE#         28
  C:2743H         LINE#         29
  -------         ENDPROC       _SENDDATA
  -------         PROC          SENDACK
  C:2746H         LINE#         31
  C:2746H         LINE#         32
  C:2746H         LINE#         33
  -------         ENDPROC       SENDACK
BL51 BANKED LINKER/LOCATER V6.22                                                      02/24/2021  22:36:50  PAGE 39


  -------         PROC          RECVDATA
  C:2722H         LINE#         35
  C:2722H         LINE#         36
  C:2722H         LINE#         38
  C:2727H         LINE#         39
  -------         ENDPROC       RECVDATA
  -------         PROC          SHT_INIT
  C:2583H         LINE#         47
  C:2583H         LINE#         48
  C:2583H         LINE#         49
  C:2586H         LINE#         50
  C:258BH         LINE#         51
  C:258EH         LINE#         52
  C:2593H         LINE#         53
  C:2596H         LINE#         54
  C:259BH         LINE#         55
  C:259EH         LINE#         56
  -------         ENDPROC       SHT_INIT
  -------         PROC          _SHT_CRC
  X:003BH         SYMBOL        shtdata
  X:003EH         SYMBOL        count
  -------         DO            
  D:0005H         SYMBOL        crc_bit
  D:0007H         SYMBOL        crc
  D:0006H         SYMBOL        byteCtr
  -------         ENDDO         
  C:208CH         LINE#         65
  C:2099H         LINE#         66
  C:2099H         LINE#         68
  C:209BH         LINE#         72
  C:20A6H         LINE#         73
  C:20A6H         LINE#         74
  C:20BAH         LINE#         75
  C:20BCH         LINE#         76
  C:20BCH         LINE#         77
  C:20C0H         LINE#         78
  C:20C7H         LINE#         80
  C:20CBH         LINE#         81
  C:20CDH         LINE#         82
  C:20D0H         LINE#         83
  C:20D0H         LINE#         84
  -------         ENDPROC       _SHT_CRC
  -------         PROC          SHT30_READ
  -------         DO            
  X:003FH         SYMBOL        result
  D:0004H         SYMBOL        St
  X:0049H         SYMBOL        Srh
  -------         ENDDO         
  C:1333H         LINE#         92
  C:1333H         LINE#         93
  C:1333H         LINE#         101
  C:1336H         LINE#         102
  C:133BH         LINE#         103
  C:133EH         LINE#         104
  C:1343H         LINE#         105
  C:1346H         LINE#         106
  C:134BH         LINE#         107
BL51 BANKED LINKER/LOCATER V6.22                                                      02/24/2021  22:36:50  PAGE 40


  C:134EH         LINE#         109
  C:1351H         LINE#         110
  C:1356H         LINE#         111
  C:1359H         LINE#         112
  C:1360H         LINE#         113
  C:1363H         LINE#         114
  C:136AH         LINE#         115
  C:136DH         LINE#         116
  C:1374H         LINE#         117
  C:1377H         LINE#         118
  C:137EH         LINE#         119
  C:1381H         LINE#         120
  C:1388H         LINE#         121
  C:138BH         LINE#         122
  C:1392H         LINE#         123
  C:1395H         LINE#         125
  C:13BDH         LINE#         126
  C:13BDH         LINE#         127
  C:13C6H         LINE#         128
  C:13D4H         LINE#         129
  C:1406H         LINE#         131
  C:142DH         LINE#         135
  C:1444H         LINE#         136
  C:1456H         LINE#         153
  C:1456H         LINE#         155
  C:1456H         LINE#         157
  C:1459H         LINE#         158
  C:1459H         LINE#         159
  -------         ENDPROC       SHT30_READ
  -------         ENDMOD        USER_SHT30

  -------         MODULE        ?C?FPADD
  C:06E7H         PUBLIC        ?C?FPADD
  C:06E3H         PUBLIC        ?C?FPSUB
  -------         ENDMOD        ?C?FPADD

  -------         MODULE        ?C?FPMUL
  C:07D8H         PUBLIC        ?C?FPMUL
  -------         ENDMOD        ?C?FPMUL

  -------         MODULE        ?C?FPDIV
  C:08E1H         PUBLIC        ?C?FPDIV
  -------         ENDMOD        ?C?FPDIV

  -------         MODULE        ?C?FCAST
  C:0988H         PUBLIC        ?C?FCASTC
  C:0983H         PUBLIC        ?C?FCASTI
  C:097EH         PUBLIC        ?C?FCASTL
  -------         ENDMOD        ?C?FCAST

  -------         MODULE        ?C?CASTF
  C:09BCH         PUBLIC        ?C?CASTF
  -------         ENDMOD        ?C?CASTF

  -------         MODULE        ?C?COPY
  C:0B0DH         PUBLIC        ?C?COPY
  -------         ENDMOD        ?C?COPY
BL51 BANKED LINKER/LOCATER V6.22                                                      02/24/2021  22:36:50  PAGE 41



  -------         MODULE        ?C?CLDPTR
  C:0B33H         PUBLIC        ?C?CLDPTR
  -------         ENDMOD        ?C?CLDPTR

  -------         MODULE        ?C?CLDOPTR
  C:0B4CH         PUBLIC        ?C?CLDOPTR
  -------         ENDMOD        ?C?CLDOPTR

  -------         MODULE        ?C?CSTPTR
  C:0B79H         PUBLIC        ?C?CSTPTR
  -------         ENDMOD        ?C?CSTPTR

  -------         MODULE        ?C?CSTOPTR
  C:0B8BH         PUBLIC        ?C?CSTOPTR
  -------         ENDMOD        ?C?CSTOPTR

  -------         MODULE        ?C?LNEG
  C:0BADH         PUBLIC        ?C?LNEG
  -------         ENDMOD        ?C?LNEG

  -------         MODULE        ?C?ULCMP
  C:0BBBH         PUBLIC        ?C?ULCMP
  -------         ENDMOD        ?C?ULCMP

  -------         MODULE        ?C?ULSHR
  C:0BCCH         PUBLIC        ?C?ULSHR
  -------         ENDMOD        ?C?ULSHR

  -------         MODULE        ?C?LSHL
  C:0BDFH         PUBLIC        ?C?LSHL
  -------         ENDMOD        ?C?LSHL

  -------         MODULE        ?C?LSTXDATA
  C:0BF2H         PUBLIC        ?C?LSTXDATA
  -------         ENDMOD        ?C?LSTXDATA

  -------         MODULE        ?C?LSTPDATA
  C:0BFEH         PUBLIC        ?C?LSTPDATA
  -------         ENDMOD        ?C?LSTPDATA

  -------         MODULE        ?C?LSTKPDATA
  C:0C0AH         PUBLIC        ?C?LSTKPDATA
  -------         ENDMOD        ?C?LSTKPDATA

  -------         MODULE        ?C?CCASE
  C:0C23H         PUBLIC        ?C?CCASE
  -------         ENDMOD        ?C?CCASE

*** WARNING L16: UNCALLED SEGMENT, IGNORED FOR OVERLAY PROCESS
    SEGMENT: ?PR?_HEX_TO_BCD?MCU_API

*** WARNING L16: UNCALLED SEGMENT, IGNORED FOR OVERLAY PROCESS
    SEGMENT: ?PR?_MY_MEMSET?MCU_API

*** WARNING L16: UNCALLED SEGMENT, IGNORED FOR OVERLAY PROCESS
    SEGMENT: ?PR?_MY_STRCPY?MCU_API
BL51 BANKED LINKER/LOCATER V6.22                                                      02/24/2021  22:36:50  PAGE 42



*** WARNING L16: UNCALLED SEGMENT, IGNORED FOR OVERLAY PROCESS
    SEGMENT: ?PR?_MY_STRCMP?MCU_API

*** WARNING L16: UNCALLED SEGMENT, IGNORED FOR OVERLAY PROCESS
    SEGMENT: ?PR?_INT_TO_BYTE?MCU_API

*** WARNING L16: UNCALLED SEGMENT, IGNORED FOR OVERLAY PROCESS
    SEGMENT: ?PR?_MCU_DP_RAW_UPDATE?MCU_API

*** WARNING L16: UNCALLED SEGMENT, IGNORED FOR OVERLAY PROCESS
    SEGMENT: ?PR?_MCU_DP_STRING_UPDATE?MCU_API

*** WARNING L16: UNCALLED SEGMENT, IGNORED FOR OVERLAY PROCESS
    SEGMENT: ?PR?_MCU_DP_FAULT_UPDATE?MCU_API

*** WARNING L16: UNCALLED SEGMENT, IGNORED FOR OVERLAY PROCESS
    SEGMENT: ?PR?_UART_RECEIVE_BUFF_INPUT?MCU_API

*** WARNING L16: UNCALLED SEGMENT, IGNORED FOR OVERLAY PROCESS
    SEGMENT: ?PR?MCU_GET_RESET_WIFI_FLAG?MCU_API

*** WARNING L16: UNCALLED SEGMENT, IGNORED FOR OVERLAY PROCESS
    SEGMENT: ?PR?MCU_RESET_WIFI?MCU_API

*** WARNING L16: UNCALLED SEGMENT, IGNORED FOR OVERLAY PROCESS
    SEGMENT: ?PR?MCU_GET_WIFIMODE_FLAG?MCU_API

*** WARNING L16: UNCALLED SEGMENT, IGNORED FOR OVERLAY PROCESS
    SEGMENT: ?PR?_MCU_SET_WIFI_MODE?MCU_API

*** WARNING L16: UNCALLED SEGMENT, IGNORED FOR OVERLAY PROCESS
    SEGMENT: ?PR?MCU_GET_WIFI_WORK_STATE?MCU_API

*** WARNING L16: UNCALLED SEGMENT, IGNORED FOR OVERLAY PROCESS
    SEGMENT: ?PR?MCU_START_WIFITEST?MCU_API

*** WARNING L16: UNCALLED SEGMENT, IGNORED FOR OVERLAY PROCESS
    SEGMENT: ?PR?SHT30_READ?USER_SHT30

*** WARNING L1: UNRESOLVED EXTERNAL SYMBOL
    SYMBOL:  CURRENT_TEMP
    MODULE:  protocol.obj (PROTOCOL)

*** WARNING L2: REFERENCE MADE TO UNRESOLVED EXTERNAL
    SYMBOL:  CURRENT_TEMP
    MODULE:  protocol.obj (PROTOCOL)
    ADDRESS: 260DH

Program Size: data=36.0 xdata=279 code=10058
LINK/LOCATE RUN COMPLETE.  18 WARNING(S),  0 ERROR(S)
